========================================
DA-SACO CLEAN AUTOMATIC RUN
Run ID: clean-dasaco-20260816-184412
========================================
[1] Verifying clean baseline
[OK] Baseline: all functions 1/1
[OK] Admission: OPEN
[OK] Controller: IDLE
[2] Cleaning run logs
[3] Resetting 100 subscribers
Defaulted container "mongodb" out of: mongodb, install-tini (init)
sqnMatched=100
[4] Starting DA-SACO Parallel Controller
[OK] Controller PID=1015797
[5] Starting one 100-UE workload
[INFO] PacketRusher reached the configured 240-second timeout
[6] Waiting for protocol-safe recovery
PARALLEL_CAPACITY_VERIFIED 0 0 {'open5glos': 1, 'amf': 2, 'ausf': 2, 'udm': 2, 'udr': 2, 'pcf': 2}
PARALLEL_CAPACITY_VERIFIED 0 0 {'open5glos': 1, 'amf': 2, 'ausf': 2, 'udm': 1, 'udr': 1, 'pcf': 2}
PARALLEL_RECOVERY_PENDING 0 0 {'open5glos': 1, 'amf': 2, 'ausf': 1, 'udm': 1, 'udr': 1, 'pcf': 1}
PARALLEL_RECOVERY_PENDING 0 1 {'open5glos': 1, 'amf': 1, 'ausf': 1, 'udm': 1, 'udr': 1, 'pcf': 1}
[OK] Functional baseline verified
[7] Saving evidence
[8] Calculating result
Run ID: clean-dasaco-20260816-184412
Started=100
Accepts=50
Completes=33
Rejects=2
AMF_Status=0

=== AUTOMATIC CONTROL ACTIONS ===
{"timestamp": "2026-08-16T10:45:52.508908+00:00", "phase": "CAPACITY_VERIFIED", "target_function": "amf", "original_replicas": 1, "target_replicas": 2, "success": true, "error": null, "rollback_error": null, "verification": {"ready_replicas": 2, "running_pods": ["free5gc-free5gc-amf-amf-568cd85d46-7k6b5", "free5gc-free5gc-amf-amf-568cd85d46-hsl8k"], "verification": "KUBERNETES_AND_OPEN5GLOS"}}
{"timestamp": "2026-08-16T10:45:56.488592+00:00", "phase": "CAPACITY_VERIFIED", "target_function": "udr", "original_replicas": 1, "target_replicas": 2, "success": true, "error": null, "rollback_error": null, "verification": {"ready_replicas": 2, "registered_instances": 2, "verification": "KUBERNETES_AND_NRF"}}
{"timestamp": "2026-08-16T10:45:56.577940+00:00", "phase": "CAPACITY_VERIFIED", "target_function": "udm", "original_replicas": 1, "target_replicas": 2, "success": true, "error": null, "rollback_error": null, "verification": {"ready_replicas": 2, "registered_instances": 2, "verification": "KUBERNETES_AND_NRF"}}
{"timestamp": "2026-08-16T10:45:56.627262+00:00", "phase": "CAPACITY_VERIFIED", "target_function": "ausf", "original_replicas": 1, "target_replicas": 2, "success": true, "error": null, "rollback_error": null, "verification": {"ready_replicas": 2, "registered_instances": 2, "verification": "KUBERNETES_AND_NRF"}}
{"timestamp": "2026-08-16T10:45:56.664047+00:00", "phase": "CAPACITY_VERIFIED", "target_function": "pcf", "original_replicas": 1, "target_replicas": 2, "success": true, "error": null, "rollback_error": null, "verification": {"ready_replicas": 2, "registered_instances": 2, "verification": "KUBERNETES_AND_NRF"}}
{"timestamp": "2026-08-16T10:46:25.554651+00:00", "phase": "CAPACITY_IDLE", "target_function": "amf", "new_pods": ["free5gc-free5gc-amf-amf-568cd85d46-7k6b5"], "traffic_use": {"function": "amf", "status": "CAPACITY_IDLE", "all_new_replicas_used": false, "replicas": [{"function": "amf", "pod": "free5gc-free5gc-amf-amf-568cd85d46-7k6b5", "used": false, "request_events": 0, "unique_identifiers": 0, "identifiers": [], "runtime": null, "window": "3m"}]}}
{"timestamp": "2026-08-16T10:46:25.858402+00:00", "phase": "CAPACITY_IDLE", "target_function": "ausf", "new_pods": ["free5gc-free5gc-ausf-ausf-7d8dd54c84-h5z6g"], "traffic_use": {"function": "ausf", "status": "CAPACITY_IDLE", "all_new_replicas_used": false, "replicas": [{"function": "ausf", "pod": "free5gc-free5gc-ausf-ausf-7d8dd54c84-h5z6g", "used": false, "request_events": 0, "unique_identifiers": 0, "identifiers": [], "runtime": null, "window": "3m"}]}}
{"timestamp": "2026-08-16T10:46:26.220868+00:00", "phase": "CAPACITY_IDLE", "target_function": "pcf", "new_pods": ["free5gc-free5gc-pcf-pcf-6c7dcdbfc5-khx59"], "traffic_use": {"function": "pcf", "status": "CAPACITY_IDLE", "all_new_replicas_used": false, "replicas": [{"function": "pcf", "pod": "free5gc-free5gc-pcf-pcf-6c7dcdbfc5-khx59", "used": false, "request_events": 0, "unique_identifiers": 0, "identifiers": [], "runtime": null, "window": "3m"}]}}
{"timestamp": "2026-08-16T10:46:26.555885+00:00", "phase": "CAPACITY_IDLE", "target_function": "udm", "new_pods": ["free5gc-free5gc-udm-udm-748f566f59-xtflm"], "traffic_use": {"function": "udm", "status": "CAPACITY_IDLE", "all_new_replicas_used": false, "replicas": [{"function": "udm", "pod": "free5gc-free5gc-udm-udm-748f566f59-xtflm", "used": false, "request_events": 0, "unique_identifiers": 0, "identifiers": [], "runtime": null, "window": "3m"}]}}
{"timestamp": "2026-08-16T10:46:26.833328+00:00", "phase": "CAPACITY_IDLE", "target_function": "udr", "new_pods": ["free5gc-free5gc-udr-udr-7b9f9ccc79-k54jp"], "traffic_use": {"function": "udr", "status": "CAPACITY_IDLE", "all_new_replicas_used": false, "replicas": [{"function": "udr", "pod": "free5gc-free5gc-udr-udr-7b9f9ccc79-k54jp", "used": false, "request_events": 0, "unique_identifiers": 0, "identifiers": [], "runtime": null, "window": "3m"}]}}
{"timestamp": "2026-08-16T10:46:45.514775+00:00", "phase": "RECOVERY_BLOCKED_ACTIVE_GNB", "active_gnb_connections": 1, "open5glos_pods": {"open5glos-6f48f6dc8f-fqlxx": 1}}
{"timestamp": "2026-08-16T10:46:56.630274+00:00", "phase": "RECOVERY_BLOCKED_ACTIVE_GNB", "active_gnb_connections": 1, "open5glos_pods": {"open5glos-6f48f6dc8f-fqlxx": 1}}
{"timestamp": "2026-08-16T10:47:07.684630+00:00", "phase": "RECOVERY_BLOCKED_ACTIVE_GNB", "active_gnb_connections": 1, "open5glos_pods": {"open5glos-6f48f6dc8f-fqlxx": 1}}
{"timestamp": "2026-08-16T10:47:18.863642+00:00", "phase": "RECOVERY_BLOCKED_ACTIVE_GNB", "active_gnb_connections": 1, "open5glos_pods": {"open5glos-6f48f6dc8f-fqlxx": 1}}
{"timestamp": "2026-08-16T10:47:29.888229+00:00", "phase": "RECOVERY_BLOCKED_ACTIVE_GNB", "active_gnb_connections": 1, "open5glos_pods": {"open5glos-6f48f6dc8f-fqlxx": 1}}
{"timestamp": "2026-08-16T10:47:40.986908+00:00", "phase": "RECOVERY_BLOCKED_ACTIVE_GNB", "active_gnb_connections": 1, "open5glos_pods": {"open5glos-6f48f6dc8f-fqlxx": 1}}
{"timestamp": "2026-08-16T10:47:52.077945+00:00", "phase": "RECOVERY_BLOCKED_ACTIVE_GNB", "active_gnb_connections": 1, "open5glos_pods": {"open5glos-6f48f6dc8f-fqlxx": 1}}
{"timestamp": "2026-08-16T10:48:03.257088+00:00", "phase": "RECOVERY_BLOCKED_ACTIVE_GNB", "active_gnb_connections": 1, "open5glos_pods": {"open5glos-6f48f6dc8f-fqlxx": 1}}
{"timestamp": "2026-08-16T10:48:14.366708+00:00", "phase": "RECOVERY_BLOCKED_ACTIVE_GNB", "active_gnb_connections": 1, "open5glos_pods": {"open5glos-6f48f6dc8f-fqlxx": 1}}
{"timestamp": "2026-08-16T10:48:25.529874+00:00", "phase": "RECOVERY_BLOCKED_ACTIVE_GNB", "active_gnb_connections": 1, "open5glos_pods": {"open5glos-6f48f6dc8f-fqlxx": 1}}
{"timestamp": "2026-08-16T10:48:36.588646+00:00", "phase": "RECOVERY_BLOCKED_ACTIVE_GNB", "active_gnb_connections": 1, "open5glos_pods": {"open5glos-6f48f6dc8f-fqlxx": 1}}
{"timestamp": "2026-08-16T10:48:47.732999+00:00", "phase": "RECOVERY_BLOCKED_ACTIVE_GNB", "active_gnb_connections": 1, "open5glos_pods": {"open5glos-6f48f6dc8f-fqlxx": 1}}
{"timestamp": "2026-08-16T10:49:30.619933+00:00", "phase": "PARALLEL_RECOVERY_COMPLETE", "functions": ["amf", "ausf", "pcf", "udm", "udr"], "admission": {"mode": "OPEN", "replicas_verified": 1, "pods": {"open5glos-6f48f6dc8f-fqlxx": {"mode": "OPEN", "enabled": false, "rate_per_second": 0, "burst": 1000, "admitted": 200, "waited": 0, "total_wait_ms": 0, "updated_at": "2026-08-16T10:49:24.653416012Z"}}}}

=== FINAL STATE ===
{
  "phase": "IDLE",
  "action": null,
  "target_function": null,
  "original_replicas": null,
  "target_replicas": null,
  "started_at": null,
  "cooldown_until": null,
  "last_error": null
}

[OK] CLEAN DA-SACO RUN COMPLETED
Results: /home/moba/dasaco-research/results/final-dasaco/automatic-runs/clean-dasaco-20260816-184412
