2026-08-11T12:32:39.707364905Z[36m [INFO][AMF][Main] [0mAMF version:  
	free5GC version: v4.2.3
	build time:      2026-06-30T05:42:57Z
	commit hash:     2962b9fd
	commit time:     2026-06-24T09:25:45Z
	go version:      go1.26.2 linux/amd64
2026-08-11T12:32:39.708523707Z[36m [INFO][AMF][CFG] [0mRead config from [./config/amfcfg.yaml]
2026-08-11T12:32:39.711601528Z[36m [INFO][AMF][Main] [0mLog enable is set to [true]
2026-08-11T12:32:39.711662563Z[36m [INFO][AMF][Main] [0mLog level is set to [info]
2026-08-11T12:32:39.711679314Z[36m [INFO][AMF][Main] [0mReport Caller is set to [false]
2026-08-11T12:32:39.711946285Z[36m [INFO][AMF][SBI] [0mBinding addr: [0.0.0.0:8080]
2026-08-11T12:32:39.711983274Z[36m [INFO][AMF][Util] [0mamfconfig Info: Version[1.0.9]
2026-08-11T12:32:39.712010174Z[36m [INFO][AMF][Init] [0mInitializing NGAP worker pool with 0 workers (buffer size: 1000)
2026-08-11T12:32:39.712022638Z[36m [INFO][AMF][Ngap] [0mInitializing UE Scheduler with 6 workers
2026-08-11T12:32:39.712369939Z[36m [INFO][AMF][Ngap] [0mGlobal UE Scheduler initialized with 6 workers, buffer size 1000
2026-08-11T12:32:39.712463294Z[36m [INFO][AMF][Init] [0mServer started
2026-08-11T12:32:39.714186024Z[36m [INFO][AMF][Ngap] [0mWorker 2 started
2026-08-11T12:32:39.714335475Z[36m [INFO][AMF][Ngap] [0mWorker 0 started
2026-08-11T12:32:39.714353819Z[36m [INFO][AMF][Ngap] [0mWorker 1 started
2026-08-11T12:32:39.714363177Z[36m [INFO][AMF][Ngap] [0mWorker 4 started
2026-08-11T12:32:39.714370641Z[36m [INFO][AMF][Ngap] [0mWorker 3 started
2026-08-11T12:32:39.714388584Z[36m [INFO][AMF][Ngap] [0mWorker 5 started
2026-08-11T12:32:39.719467633Z[36m [INFO][AMF][Ngap] [0mListen on 127.0.0.1/[::1%lo]/10.244.0.63/[fe80::ecf3:aff:fee8:2eb6%eth0]:38412
2026-08-11T12:32:39.740086841Z[36m [INFO][AMF][Main] [0mOAuth2 setting receive from NRF: false
2026-08-11T12:32:39.740221763Z[36m [INFO][AMF][SBI] [0mStart SBI server (listen on 0.0.0.0:8080)
