2026-08-11T12:32:39.671329765Z[36m [INFO][AMF][Main] [0mAMF version:  
	free5GC version: v4.2.3
	build time:      2026-06-30T05:42:57Z
	commit hash:     2962b9fd
	commit time:     2026-06-24T09:25:45Z
	go version:      go1.26.2 linux/amd64
2026-08-11T12:32:39.672345441Z[36m [INFO][AMF][CFG] [0mRead config from [./config/amfcfg.yaml]
2026-08-11T12:32:39.678356026Z[36m [INFO][AMF][Main] [0mLog enable is set to [true]
2026-08-11T12:32:39.678495939Z[36m [INFO][AMF][Main] [0mLog level is set to [info]
2026-08-11T12:32:39.678512109Z[36m [INFO][AMF][Main] [0mReport Caller is set to [false]
2026-08-11T12:32:39.678856956Z[36m [INFO][AMF][SBI] [0mBinding addr: [0.0.0.0:8080]
2026-08-11T12:32:39.678905286Z[36m [INFO][AMF][Util] [0mamfconfig Info: Version[1.0.9]
2026-08-11T12:32:39.678935583Z[36m [INFO][AMF][Init] [0mInitializing NGAP worker pool with 0 workers (buffer size: 1000)
2026-08-11T12:32:39.678949239Z[36m [INFO][AMF][Ngap] [0mInitializing UE Scheduler with 6 workers
2026-08-11T12:32:39.679139716Z[36m [INFO][AMF][Ngap] [0mGlobal UE Scheduler initialized with 6 workers, buffer size 1000
2026-08-11T12:32:39.679156567Z[36m [INFO][AMF][Init] [0mServer started
2026-08-11T12:32:39.716770460Z[36m [INFO][AMF][Ngap] [0mWorker 1 started
2026-08-11T12:32:39.717569108Z[36m [INFO][AMF][Ngap] [0mWorker 2 started
2026-08-11T12:32:39.717601028Z[36m [INFO][AMF][Ngap] [0mWorker 3 started
2026-08-11T12:32:39.717614493Z[36m [INFO][AMF][Ngap] [0mWorker 4 started
2026-08-11T12:32:39.717625443Z[36m [INFO][AMF][Ngap] [0mWorker 5 started
2026-08-11T12:32:39.718172620Z[36m [INFO][AMF][Ngap] [0mWorker 0 started
2026-08-11T12:32:39.718644494Z[36m [INFO][AMF][Ngap] [0mListen on 127.0.0.1/[::1%lo]/10.244.0.62/[fe80::3cc3:fdff:fea3:e6d%eth0]:38412
2026-08-11T12:32:39.754055152Z[36m [INFO][AMF][Main] [0mOAuth2 setting receive from NRF: false
2026-08-11T12:32:39.754254375Z[36m [INFO][AMF][SBI] [0mStart SBI server (listen on 0.0.0.0:8080)
