2026-08-11T12:32:24.452988000Z[36m [INFO][AMF][Main] [0mAMF version:  
	free5GC version: v4.2.3
	build time:      2026-06-30T05:42:57Z
	commit hash:     2962b9fd
	commit time:     2026-06-24T09:25:45Z
	go version:      go1.26.2 linux/amd64
2026-08-11T12:32:24.454088287Z[36m [INFO][AMF][CFG] [0mRead config from [./config/amfcfg.yaml]
2026-08-11T12:32:24.476054416Z[36m [INFO][AMF][Main] [0mLog enable is set to [true]
2026-08-11T12:32:24.476090484Z[36m [INFO][AMF][Main] [0mLog level is set to [info]
2026-08-11T12:32:24.476097127Z[36m [INFO][AMF][Main] [0mReport Caller is set to [false]
2026-08-11T12:32:24.476267546Z[36m [INFO][AMF][SBI] [0mBinding addr: [0.0.0.0:8080]
2026-08-11T12:32:24.476345532Z[36m [INFO][AMF][Util] [0mamfconfig Info: Version[1.0.9]
2026-08-11T12:32:24.476406186Z[36m [INFO][AMF][Init] [0mInitializing NGAP worker pool with 0 workers (buffer size: 1000)
2026-08-11T12:32:24.476433978Z[36m [INFO][AMF][Ngap] [0mInitializing UE Scheduler with 6 workers
2026-08-11T12:32:24.476545137Z[36m [INFO][AMF][Ngap] [0mGlobal UE Scheduler initialized with 6 workers, buffer size 1000
2026-08-11T12:32:24.476572398Z[36m [INFO][AMF][Init] [0mServer started
2026-08-11T12:32:24.477249046Z[36m [INFO][AMF][Ngap] [0mWorker 2 started
2026-08-11T12:32:24.477580778Z[36m [INFO][AMF][Ngap] [0mWorker 0 started
2026-08-11T12:32:24.477600996Z[36m [INFO][AMF][Ngap] [0mWorker 1 started
2026-08-11T12:32:24.477613039Z[36m [INFO][AMF][Ngap] [0mWorker 4 started
2026-08-11T12:32:24.477630201Z[36m [INFO][AMF][Ngap] [0mWorker 3 started
2026-08-11T12:32:24.477637985Z[36m [INFO][AMF][Ngap] [0mWorker 5 started
2026-08-11T12:32:24.478913517Z[36m [INFO][AMF][Ngap] [0mListen on 127.0.0.1/[::1%lo]/10.244.0.61/[fe80::a856:a9ff:fe84:1291%eth0]:38412
2026-08-11T12:32:24.551081871Z[36m [INFO][AMF][Main] [0mOAuth2 setting receive from NRF: false
2026-08-11T12:32:24.553351046Z[36m [INFO][AMF][SBI] [0mStart SBI server (listen on 0.0.0.0:8080)
