===== SNAPSHOT 2026-08-16T12:35:40.525043405Z =====
2026-08-16T12:35:39.714706603Z + curl --insecure --connect-timeout 1 -s -o /dev/null -w '%{http_code}' http://nrf-nnrf:8000
2026-08-16T12:35:39.735505853Z + '[' 200 -ne 200 ]
2026-08-16T12:35:40.913593181Z 2026-08-16T12:35:40.912091334Z[36m [INFO][AMF][Main] [0mAMF version:  
2026-08-16T12:35:40.913653404Z 	free5GC version: v4.2.3
2026-08-16T12:35:40.913658964Z 	build time:      2026-06-30T05:42:57Z
2026-08-16T12:35:40.913663242Z 	commit hash:     2962b9fd
2026-08-16T12:35:40.913667430Z 	commit time:     2026-06-24T09:25:45Z
2026-08-16T12:35:40.913671598Z 	go version:      go1.26.2 linux/amd64
2026-08-16T12:35:40.913962543Z 2026-08-16T12:35:40.913674093Z[36m [INFO][AMF][CFG] [0mRead config from [./config/amfcfg.yaml]
2026-08-16T12:35:40.918944385Z 2026-08-16T12:35:40.916436542Z[36m [INFO][AMF][Main] [0mLog enable is set to [true]
2026-08-16T12:35:40.918967689Z 2026-08-16T12:35:40.916517134Z[36m [INFO][AMF][Main] [0mLog level is set to [info]
2026-08-16T12:35:40.918972428Z 2026-08-16T12:35:40.916528785Z[36m [INFO][AMF][Main] [0mReport Caller is set to [false]
2026-08-16T12:35:40.918976385Z 2026-08-16T12:35:40.916606832Z[36m [INFO][AMF][SBI] [0mBinding addr: [0.0.0.0:8080]
2026-08-16T12:35:40.918980332Z 2026-08-16T12:35:40.916911453Z[36m [INFO][AMF][Util] [0mamfconfig Info: Version[1.0.9]
2026-08-16T12:35:40.918984851Z 2026-08-16T12:35:40.916953542Z[36m [INFO][AMF][Init] [0mInitializing NGAP worker pool with 0 workers (buffer size: 1000)
2026-08-16T12:35:40.918989580Z 2026-08-16T12:35:40.916967508Z[36m [INFO][AMF][Ngap] [0mInitializing UE Scheduler with 6 workers
2026-08-16T12:35:40.918993387Z 2026-08-16T12:35:40.917001442Z[36m [INFO][AMF][Ngap] [0mGlobal UE Scheduler initialized with 6 workers, buffer size 1000
2026-08-16T12:35:40.918997525Z 2026-08-16T12:35:40.917017702Z[36m [INFO][AMF][Init] [0mServer started
2026-08-16T12:35:40.920922594Z 2026-08-16T12:35:40.917276468Z[36m [INFO][AMF][Ngap] [0mWorker 2 started
2026-08-16T12:35:40.920963070Z 2026-08-16T12:35:40.919334947Z[36m [INFO][AMF][Ngap] [0mWorker 0 started
2026-08-16T12:35:40.920968069Z 2026-08-16T12:35:40.919348022Z[36m [INFO][AMF][Ngap] [0mWorker 1 started
2026-08-16T12:35:40.920972808Z 2026-08-16T12:35:40.919358401Z[36m [INFO][AMF][Ngap] [0mWorker 4 started
2026-08-16T12:35:40.920980653Z 2026-08-16T12:35:40.919367979Z[36m [INFO][AMF][Ngap] [0mWorker 3 started
2026-08-16T12:35:40.920988167Z 2026-08-16T12:35:40.919376325Z[36m [INFO][AMF][Ngap] [0mWorker 5 started
2026-08-16T12:35:40.921011801Z 2026-08-16T12:35:40.920483972Z[36m [INFO][AMF][Ngap] [0mListen on 127.0.0.1/[::1%lo]/10.244.0.154/[fe80::ec85:3dff:fe23:c911%eth0]:38412
2026-08-16T12:35:40.964396792Z 2026-08-16T12:35:40.964226362Z[36m [INFO][AMF][Main] [0mOAuth2 setting receive from NRF: false
2026-08-16T12:35:40.989687735Z 2026-08-16T12:35:40.988142718Z[36m [INFO][AMF][SBI] [0mStart SBI server (listen on 0.0.0.0:8080)
===== SNAPSHOT 2026-08-16T12:35:43.972009563Z =====
2026-08-16T12:35:39.714706603Z + curl --insecure --connect-timeout 1 -s -o /dev/null -w '%{http_code}' http://nrf-nnrf:8000
2026-08-16T12:35:39.735505853Z + '[' 200 -ne 200 ]
2026-08-16T12:35:40.913593181Z 2026-08-16T12:35:40.912091334Z[36m [INFO][AMF][Main] [0mAMF version:  
2026-08-16T12:35:40.913653404Z 	free5GC version: v4.2.3
2026-08-16T12:35:40.913658964Z 	build time:      2026-06-30T05:42:57Z
2026-08-16T12:35:40.913663242Z 	commit hash:     2962b9fd
2026-08-16T12:35:40.913667430Z 	commit time:     2026-06-24T09:25:45Z
2026-08-16T12:35:40.913671598Z 	go version:      go1.26.2 linux/amd64
2026-08-16T12:35:40.913962543Z 2026-08-16T12:35:40.913674093Z[36m [INFO][AMF][CFG] [0mRead config from [./config/amfcfg.yaml]
2026-08-16T12:35:40.918944385Z 2026-08-16T12:35:40.916436542Z[36m [INFO][AMF][Main] [0mLog enable is set to [true]
2026-08-16T12:35:40.918967689Z 2026-08-16T12:35:40.916517134Z[36m [INFO][AMF][Main] [0mLog level is set to [info]
2026-08-16T12:35:40.918972428Z 2026-08-16T12:35:40.916528785Z[36m [INFO][AMF][Main] [0mReport Caller is set to [false]
2026-08-16T12:35:40.918976385Z 2026-08-16T12:35:40.916606832Z[36m [INFO][AMF][SBI] [0mBinding addr: [0.0.0.0:8080]
2026-08-16T12:35:40.918980332Z 2026-08-16T12:35:40.916911453Z[36m [INFO][AMF][Util] [0mamfconfig Info: Version[1.0.9]
2026-08-16T12:35:40.918984851Z 2026-08-16T12:35:40.916953542Z[36m [INFO][AMF][Init] [0mInitializing NGAP worker pool with 0 workers (buffer size: 1000)
2026-08-16T12:35:40.918989580Z 2026-08-16T12:35:40.916967508Z[36m [INFO][AMF][Ngap] [0mInitializing UE Scheduler with 6 workers
2026-08-16T12:35:40.918993387Z 2026-08-16T12:35:40.917001442Z[36m [INFO][AMF][Ngap] [0mGlobal UE Scheduler initialized with 6 workers, buffer size 1000
2026-08-16T12:35:40.918997525Z 2026-08-16T12:35:40.917017702Z[36m [INFO][AMF][Init] [0mServer started
2026-08-16T12:35:40.920922594Z 2026-08-16T12:35:40.917276468Z[36m [INFO][AMF][Ngap] [0mWorker 2 started
2026-08-16T12:35:40.920963070Z 2026-08-16T12:35:40.919334947Z[36m [INFO][AMF][Ngap] [0mWorker 0 started
2026-08-16T12:35:40.920968069Z 2026-08-16T12:35:40.919348022Z[36m [INFO][AMF][Ngap] [0mWorker 1 started
2026-08-16T12:35:40.920972808Z 2026-08-16T12:35:40.919358401Z[36m [INFO][AMF][Ngap] [0mWorker 4 started
2026-08-16T12:35:40.920980653Z 2026-08-16T12:35:40.919367979Z[36m [INFO][AMF][Ngap] [0mWorker 3 started
2026-08-16T12:35:40.920988167Z 2026-08-16T12:35:40.919376325Z[36m [INFO][AMF][Ngap] [0mWorker 5 started
2026-08-16T12:35:40.921011801Z 2026-08-16T12:35:40.920483972Z[36m [INFO][AMF][Ngap] [0mListen on 127.0.0.1/[::1%lo]/10.244.0.154/[fe80::ec85:3dff:fe23:c911%eth0]:38412
2026-08-16T12:35:40.964396792Z 2026-08-16T12:35:40.964226362Z[36m [INFO][AMF][Main] [0mOAuth2 setting receive from NRF: false
2026-08-16T12:35:40.989687735Z 2026-08-16T12:35:40.988142718Z[36m [INFO][AMF][SBI] [0mStart SBI server (listen on 0.0.0.0:8080)
===== SNAPSHOT 2026-08-16T12:35:47.265626807Z =====
2026-08-16T12:35:39.714706603Z + curl --insecure --connect-timeout 1 -s -o /dev/null -w '%{http_code}' http://nrf-nnrf:8000
2026-08-16T12:35:39.735505853Z + '[' 200 -ne 200 ]
2026-08-16T12:35:40.913593181Z 2026-08-16T12:35:40.912091334Z[36m [INFO][AMF][Main] [0mAMF version:  
2026-08-16T12:35:40.913653404Z 	free5GC version: v4.2.3
2026-08-16T12:35:40.913658964Z 	build time:      2026-06-30T05:42:57Z
2026-08-16T12:35:40.913663242Z 	commit hash:     2962b9fd
2026-08-16T12:35:40.913667430Z 	commit time:     2026-06-24T09:25:45Z
2026-08-16T12:35:40.913671598Z 	go version:      go1.26.2 linux/amd64
2026-08-16T12:35:40.913962543Z 2026-08-16T12:35:40.913674093Z[36m [INFO][AMF][CFG] [0mRead config from [./config/amfcfg.yaml]
2026-08-16T12:35:40.918944385Z 2026-08-16T12:35:40.916436542Z[36m [INFO][AMF][Main] [0mLog enable is set to [true]
2026-08-16T12:35:40.918967689Z 2026-08-16T12:35:40.916517134Z[36m [INFO][AMF][Main] [0mLog level is set to [info]
2026-08-16T12:35:40.918972428Z 2026-08-16T12:35:40.916528785Z[36m [INFO][AMF][Main] [0mReport Caller is set to [false]
2026-08-16T12:35:40.918976385Z 2026-08-16T12:35:40.916606832Z[36m [INFO][AMF][SBI] [0mBinding addr: [0.0.0.0:8080]
2026-08-16T12:35:40.918980332Z 2026-08-16T12:35:40.916911453Z[36m [INFO][AMF][Util] [0mamfconfig Info: Version[1.0.9]
2026-08-16T12:35:40.918984851Z 2026-08-16T12:35:40.916953542Z[36m [INFO][AMF][Init] [0mInitializing NGAP worker pool with 0 workers (buffer size: 1000)
2026-08-16T12:35:40.918989580Z 2026-08-16T12:35:40.916967508Z[36m [INFO][AMF][Ngap] [0mInitializing UE Scheduler with 6 workers
2026-08-16T12:35:40.918993387Z 2026-08-16T12:35:40.917001442Z[36m [INFO][AMF][Ngap] [0mGlobal UE Scheduler initialized with 6 workers, buffer size 1000
2026-08-16T12:35:40.918997525Z 2026-08-16T12:35:40.917017702Z[36m [INFO][AMF][Init] [0mServer started
2026-08-16T12:35:40.920922594Z 2026-08-16T12:35:40.917276468Z[36m [INFO][AMF][Ngap] [0mWorker 2 started
2026-08-16T12:35:40.920963070Z 2026-08-16T12:35:40.919334947Z[36m [INFO][AMF][Ngap] [0mWorker 0 started
2026-08-16T12:35:40.920968069Z 2026-08-16T12:35:40.919348022Z[36m [INFO][AMF][Ngap] [0mWorker 1 started
2026-08-16T12:35:40.920972808Z 2026-08-16T12:35:40.919358401Z[36m [INFO][AMF][Ngap] [0mWorker 4 started
2026-08-16T12:35:40.920980653Z 2026-08-16T12:35:40.919367979Z[36m [INFO][AMF][Ngap] [0mWorker 3 started
2026-08-16T12:35:40.920988167Z 2026-08-16T12:35:40.919376325Z[36m [INFO][AMF][Ngap] [0mWorker 5 started
2026-08-16T12:35:40.921011801Z 2026-08-16T12:35:40.920483972Z[36m [INFO][AMF][Ngap] [0mListen on 127.0.0.1/[::1%lo]/10.244.0.154/[fe80::ec85:3dff:fe23:c911%eth0]:38412
2026-08-16T12:35:40.964396792Z 2026-08-16T12:35:40.964226362Z[36m [INFO][AMF][Main] [0mOAuth2 setting receive from NRF: false
2026-08-16T12:35:40.989687735Z 2026-08-16T12:35:40.988142718Z[36m [INFO][AMF][SBI] [0mStart SBI server (listen on 0.0.0.0:8080)
2026-08-16T12:35:44.830442995Z 2026-08-16T12:35:44.830110071Z[36m [INFO][AMF][Ngap] [0m[AMF] SCTP Accept from: 10.244.0.138:40263
2026-08-16T12:35:44.831809778Z 2026-08-16T12:35:44.831123992Z[36m [INFO][AMF][Ngap] [0mCreate a new NG connection for: 10.244.0.138:40263
2026-08-16T12:35:44.831829555Z 2026-08-16T12:35:44.831162865Z[36m [INFO][AMF][Ngap][ran_addr:10.244.0.138:40263] [0mHandle NGSetupRequest
2026-08-16T12:35:44.831833622Z 2026-08-16T12:35:44.831199293Z[36m [INFO][AMF][Ngap][ran_addr:10.244.0.138:40263] [0mSend NG-Setup response
===== SNAPSHOT 2026-08-16T12:35:50.580487318Z =====
2026-08-16T12:35:44.830442995Z 2026-08-16T12:35:44.830110071Z[36m [INFO][AMF][Ngap] [0m[AMF] SCTP Accept from: 10.244.0.138:40263
2026-08-16T12:35:44.831809778Z 2026-08-16T12:35:44.831123992Z[36m [INFO][AMF][Ngap] [0mCreate a new NG connection for: 10.244.0.138:40263
2026-08-16T12:35:44.831829555Z 2026-08-16T12:35:44.831162865Z[36m [INFO][AMF][Ngap][ran_addr:10.244.0.138:40263] [0mHandle NGSetupRequest
2026-08-16T12:35:44.831833622Z 2026-08-16T12:35:44.831199293Z[36m [INFO][AMF][Ngap][ran_addr:10.244.0.138:40263] [0mSend NG-Setup response
===== SNAPSHOT 2026-08-16T12:35:53.987424841Z =====
2026-08-16T12:35:44.830442995Z 2026-08-16T12:35:44.830110071Z[36m [INFO][AMF][Ngap] [0m[AMF] SCTP Accept from: 10.244.0.138:40263
2026-08-16T12:35:44.831809778Z 2026-08-16T12:35:44.831123992Z[36m [INFO][AMF][Ngap] [0mCreate a new NG connection for: 10.244.0.138:40263
2026-08-16T12:35:44.831829555Z 2026-08-16T12:35:44.831162865Z[36m [INFO][AMF][Ngap][ran_addr:10.244.0.138:40263] [0mHandle NGSetupRequest
2026-08-16T12:35:44.831833622Z 2026-08-16T12:35:44.831199293Z[36m [INFO][AMF][Ngap][ran_addr:10.244.0.138:40263] [0mSend NG-Setup response
===== SNAPSHOT 2026-08-16T12:35:57.255292589Z =====
===== SNAPSHOT 2026-08-16T12:36:00.825780377Z =====
===== SNAPSHOT 2026-08-16T12:36:04.122415288Z =====
===== SNAPSHOT 2026-08-16T12:36:07.357758126Z =====
===== SNAPSHOT 2026-08-16T12:36:10.760118994Z =====
===== SNAPSHOT 2026-08-16T12:36:14.051287601Z =====
===== SNAPSHOT 2026-08-16T12:36:17.325311802Z =====
===== SNAPSHOT 2026-08-16T12:36:20.712231445Z =====
===== SNAPSHOT 2026-08-16T12:36:24.015279414Z =====
===== SNAPSHOT 2026-08-16T12:36:27.398449525Z =====
===== SNAPSHOT 2026-08-16T12:36:30.801234790Z =====
===== SNAPSHOT 2026-08-16T12:36:34.102253336Z =====
===== SNAPSHOT 2026-08-16T12:36:37.481612211Z =====
===== SNAPSHOT 2026-08-16T12:36:41.093463283Z =====
===== SNAPSHOT 2026-08-16T12:36:44.398045423Z =====
===== SNAPSHOT 2026-08-16T12:36:47.858132744Z =====
===== SNAPSHOT 2026-08-16T12:36:51.111302798Z =====
===== SNAPSHOT 2026-08-16T12:36:54.576555404Z =====
===== SNAPSHOT 2026-08-16T12:36:57.954279459Z =====
===== SNAPSHOT 2026-08-16T12:37:01.408175019Z =====
===== SNAPSHOT 2026-08-16T12:37:04.772553968Z =====
===== SNAPSHOT 2026-08-16T12:37:08.128377604Z =====
===== SNAPSHOT 2026-08-16T12:37:11.597060889Z =====
===== SNAPSHOT 2026-08-16T12:37:14.982220741Z =====
===== SNAPSHOT 2026-08-16T12:37:18.212713911Z =====
===== SNAPSHOT 2026-08-16T12:37:21.686540678Z =====
===== SNAPSHOT 2026-08-16T12:37:25.155463021Z =====
===== SNAPSHOT 2026-08-16T12:37:28.426385950Z =====
===== SNAPSHOT 2026-08-16T12:37:31.987906155Z =====
===== SNAPSHOT 2026-08-16T12:37:35.377229663Z =====
===== SNAPSHOT 2026-08-16T12:37:38.731209268Z =====
===== SNAPSHOT 2026-08-16T12:37:42.244869471Z =====
===== SNAPSHOT 2026-08-16T12:37:45.667144137Z =====
===== SNAPSHOT 2026-08-16T12:37:48.933087142Z =====
===== SNAPSHOT 2026-08-16T12:37:52.222371993Z =====
===== SNAPSHOT 2026-08-16T12:37:55.633336400Z =====
===== SNAPSHOT 2026-08-16T12:37:59.169603166Z =====
===== SNAPSHOT 2026-08-16T12:38:02.439500317Z =====
===== SNAPSHOT 2026-08-16T12:38:05.896792015Z =====
===== SNAPSHOT 2026-08-16T12:38:09.216809322Z =====
===== SNAPSHOT 2026-08-16T12:38:12.491480567Z =====
===== SNAPSHOT 2026-08-16T12:38:15.958440849Z =====
===== SNAPSHOT 2026-08-16T12:38:19.317196635Z =====
===== SNAPSHOT 2026-08-16T12:38:22.615327078Z =====
===== SNAPSHOT 2026-08-16T12:38:25.979351813Z =====
===== SNAPSHOT 2026-08-16T12:38:29.363410708Z =====
===== SNAPSHOT 2026-08-16T12:38:32.751619280Z =====
===== SNAPSHOT 2026-08-16T12:38:36.086829055Z =====
===== SNAPSHOT 2026-08-16T12:38:39.470407339Z =====
===== SNAPSHOT 2026-08-16T12:38:42.833043881Z =====
===== SNAPSHOT 2026-08-16T12:38:46.111144618Z =====
===== SNAPSHOT 2026-08-16T12:38:49.472653180Z =====
===== SNAPSHOT 2026-08-16T12:38:52.819231599Z =====
===== SNAPSHOT 2026-08-16T12:38:56.077402666Z =====
===== SNAPSHOT 2026-08-16T12:38:59.432280927Z =====
===== SNAPSHOT 2026-08-16T12:39:02.882830325Z =====
===== SNAPSHOT 2026-08-16T12:39:06.185074998Z =====
===== SNAPSHOT 2026-08-16T12:39:09.417737016Z =====
===== SNAPSHOT 2026-08-16T12:39:12.880330798Z =====
===== SNAPSHOT 2026-08-16T12:39:16.196884441Z =====
unable to retrieve container logs for containerd://94b6b9b5a8dc5674241a1bfbe147bd5965197c5646dee96b767d57dc946ef5d1