2026-08-11T12:21:02.294383760Z[36m [INFO][AMF][Main] [0mAMF version:  
	free5GC version: v4.2.3
	build time:      2026-06-30T05:42:57Z
	commit hash:     2962b9fd
	commit time:     2026-06-24T09:25:45Z
	go version:      go1.26.2 linux/amd64
2026-08-11T12:21:02.297719524Z[36m [INFO][AMF][CFG] [0mRead config from [./config/amfcfg.yaml]
2026-08-11T12:21:02.304476344Z[36m [INFO][AMF][Main] [0mLog enable is set to [true]
2026-08-11T12:21:02.307736547Z[36m [INFO][AMF][Main] [0mLog level is set to [info]
2026-08-11T12:21:02.307774768Z[36m [INFO][AMF][Main] [0mReport Caller is set to [false]
2026-08-11T12:21:02.307900765Z[36m [INFO][AMF][SBI] [0mBinding addr: [0.0.0.0:8080]
2026-08-11T12:21:02.307966618Z[36m [INFO][AMF][Util] [0mamfconfig Info: Version[1.0.9]
2026-08-11T12:21:02.308013075Z[36m [INFO][AMF][Init] [0mInitializing NGAP worker pool with 0 workers (buffer size: 1000)
2026-08-11T12:21:02.308030648Z[36m [INFO][AMF][Ngap] [0mInitializing UE Scheduler with 6 workers
2026-08-11T12:21:02.308072377Z[36m [INFO][AMF][Ngap] [0mGlobal UE Scheduler initialized with 6 workers, buffer size 1000
2026-08-11T12:21:02.308087224Z[36m [INFO][AMF][Init] [0mServer started
2026-08-11T12:21:02.308788880Z[36m [INFO][AMF][Ngap] [0mWorker 2 started
2026-08-11T12:21:02.310345018Z[36m [INFO][AMF][Ngap] [0mWorker 0 started
2026-08-11T12:21:02.310598654Z[36m [INFO][AMF][Ngap] [0mWorker 1 started
2026-08-11T12:21:02.311062874Z[36m [INFO][AMF][Ngap] [0mWorker 4 started
2026-08-11T12:21:02.311248773Z[36m [INFO][AMF][Ngap] [0mWorker 3 started
2026-08-11T12:21:02.312189467Z[36m [INFO][AMF][Ngap] [0mWorker 5 started
2026-08-11T12:21:02.315591516Z[36m [INFO][AMF][Ngap] [0mListen on 127.0.0.1/[::1%lo]/10.244.0.58/[fe80::9c1a:a9ff:fe0e:6a29%eth0]:38412
2026-08-11T12:21:02.334274859Z[36m [INFO][AMF][Main] [0mOAuth2 setting receive from NRF: false
2026-08-11T12:21:02.334322167Z[36m [INFO][AMF][SBI] [0mStart SBI server (listen on 0.0.0.0:8080)
