2026-08-11T12:21:16.389913836Z[36m [INFO][AMF][Main] [0mAMF version:  
	free5GC version: v4.2.3
	build time:      2026-06-30T05:42:57Z
	commit hash:     2962b9fd
	commit time:     2026-06-24T09:25:45Z
	go version:      go1.26.2 linux/amd64
2026-08-11T12:21:16.393939945Z[36m [INFO][AMF][CFG] [0mRead config from [./config/amfcfg.yaml]
2026-08-11T12:21:16.400943437Z[36m [INFO][AMF][Main] [0mLog enable is set to [true]
2026-08-11T12:21:16.401209736Z[36m [INFO][AMF][Main] [0mLog level is set to [info]
2026-08-11T12:21:16.401225135Z[36m [INFO][AMF][Main] [0mReport Caller is set to [false]
2026-08-11T12:21:16.401345280Z[36m [INFO][AMF][SBI] [0mBinding addr: [0.0.0.0:8080]
2026-08-11T12:21:16.401454585Z[36m [INFO][AMF][Util] [0mamfconfig Info: Version[1.0.9]
2026-08-11T12:21:16.401501233Z[36m [INFO][AMF][Init] [0mInitializing NGAP worker pool with 0 workers (buffer size: 1000)
2026-08-11T12:21:16.401519718Z[36m [INFO][AMF][Ngap] [0mInitializing UE Scheduler with 6 workers
2026-08-11T12:21:16.401830380Z[36m [INFO][AMF][Ngap] [0mGlobal UE Scheduler initialized with 6 workers, buffer size 1000
2026-08-11T12:21:16.401855247Z[36m [INFO][AMF][Init] [0mServer started
2026-08-11T12:21:16.401872995Z[36m [INFO][AMF][Ngap] [0mWorker 1 started
2026-08-11T12:21:16.401919122Z[36m [INFO][AMF][Ngap] [0mWorker 0 started
2026-08-11T12:21:16.401930293Z[36m [INFO][AMF][Ngap] [0mWorker 4 started
2026-08-11T12:21:16.401940712Z[36m [INFO][AMF][Ngap] [0mWorker 2 started
2026-08-11T12:21:16.401951833Z[36m [INFO][AMF][Ngap] [0mWorker 3 started
2026-08-11T12:21:16.401961922Z[36m [INFO][AMF][Ngap] [0mWorker 5 started
2026-08-11T12:21:16.402956326Z[36m [INFO][AMF][Ngap] [0mListen on 127.0.0.1/[::1%lo]/10.244.0.60/[fe80::5044:3ff:fe8f:fd6b%eth0]:38412
2026-08-11T12:21:16.483292849Z[36m [INFO][AMF][Main] [0mOAuth2 setting receive from NRF: false
2026-08-11T12:21:16.483500728Z[36m [INFO][AMF][SBI] [0mStart SBI server (listen on 0.0.0.0:8080)
