===== SNAPSHOT 2026-08-16T12:27:15.205084012Z =====
2026-08-16T12:27:13.759440638Z 2026-08-16T12:27:13.759103476Z[36m [INFO][AMF][Main] [0mAMF version:  
2026-08-16T12:27:13.759487326Z 	free5GC version: v4.2.3
2026-08-16T12:27:13.759492846Z 	build time:      2026-06-30T05:42:57Z
2026-08-16T12:27:13.759496754Z 	commit hash:     2962b9fd
2026-08-16T12:27:13.759500641Z 	commit time:     2026-06-24T09:25:45Z
2026-08-16T12:27:13.759504608Z 	go version:      go1.26.2 linux/amd64
2026-08-16T12:27:13.760011529Z 2026-08-16T12:27:13.759716916Z[36m [INFO][AMF][CFG] [0mRead config from [./config/amfcfg.yaml]
2026-08-16T12:27:13.814499959Z 2026-08-16T12:27:13.814048362Z[36m [INFO][AMF][Main] [0mLog enable is set to [true]
2026-08-16T12:27:13.814526279Z 2026-08-16T12:27:13.814182905Z[36m [INFO][AMF][Main] [0mLog level is set to [info]
2026-08-16T12:27:13.814530196Z 2026-08-16T12:27:13.814196029Z[36m [INFO][AMF][Main] [0mReport Caller is set to [false]
2026-08-16T12:27:13.815238925Z 2026-08-16T12:27:13.814603533Z[36m [INFO][AMF][SBI] [0mBinding addr: [0.0.0.0:8080]
2026-08-16T12:27:13.815256047Z 2026-08-16T12:27:13.814646294Z[36m [INFO][AMF][Util] [0mamfconfig Info: Version[1.0.9]
2026-08-16T12:27:13.815521374Z 2026-08-16T12:27:13.815133748Z[36m [INFO][AMF][Init] [0mInitializing NGAP worker pool with 0 workers (buffer size: 1000)
2026-08-16T12:27:13.815530041Z 2026-08-16T12:27:13.815354401Z[36m [INFO][AMF][Ngap] [0mInitializing UE Scheduler with 6 workers
2026-08-16T12:27:13.816173678Z 2026-08-16T12:27:13.815719436Z[36m [INFO][AMF][Ngap] [0mGlobal UE Scheduler initialized with 6 workers, buffer size 1000
2026-08-16T12:27:13.816454223Z 2026-08-16T12:27:13.816268205Z[36m [INFO][AMF][Init] [0mServer started
2026-08-16T12:27:13.817876120Z 2026-08-16T12:27:13.817489114Z[36m [INFO][AMF][Ngap] [0mWorker 2 started
2026-08-16T12:27:13.818120468Z 2026-08-16T12:27:13.817638635Z[36m [INFO][AMF][Ngap] [0mWorker 0 started
2026-08-16T12:27:13.818129014Z 2026-08-16T12:27:13.817655807Z[36m [INFO][AMF][Ngap] [0mWorker 1 started
2026-08-16T12:27:13.818133102Z 2026-08-16T12:27:13.817666627Z[36m [INFO][AMF][Ngap] [0mWorker 4 started
2026-08-16T12:27:13.818136678Z 2026-08-16T12:27:13.817674282Z[36m [INFO][AMF][Ngap] [0mWorker 3 started
2026-08-16T12:27:13.818140335Z 2026-08-16T12:27:13.817680794Z[36m [INFO][AMF][Ngap] [0mWorker 5 started
2026-08-16T12:27:13.819880338Z 2026-08-16T12:27:13.819521876Z[36m [INFO][AMF][Ngap] [0mListen on 127.0.0.1/[::1%lo]/10.244.0.116/[fe80::f014:23ff:fe6e:35e1%eth0]:38412
2026-08-16T12:27:13.835704429Z 2026-08-16T12:27:13.834779034Z[36m [INFO][AMF][Main] [0mOAuth2 setting receive from NRF: false
2026-08-16T12:27:13.835723936Z 2026-08-16T12:27:13.834860457Z[36m [INFO][AMF][SBI] [0mStart SBI server (listen on 0.0.0.0:8080)
2026-08-16T12:27:13.084996764Z + curl --insecure --connect-timeout 1 -s -o /dev/null -w '%{http_code}' http://nrf-nnrf:8000
2026-08-16T12:27:13.116156901Z + '[' 200 -ne 200 ]
===== SNAPSHOT 2026-08-16T12:27:18.511899713Z =====
2026-08-16T12:27:13.084996764Z + curl --insecure --connect-timeout 1 -s -o /dev/null -w '%{http_code}' http://nrf-nnrf:8000
2026-08-16T12:27:13.116156901Z + '[' 200 -ne 200 ]
2026-08-16T12:27:13.759440638Z 2026-08-16T12:27:13.759103476Z[36m [INFO][AMF][Main] [0mAMF version:  
2026-08-16T12:27:13.759487326Z 	free5GC version: v4.2.3
2026-08-16T12:27:13.759492846Z 	build time:      2026-06-30T05:42:57Z
2026-08-16T12:27:13.759496754Z 	commit hash:     2962b9fd
2026-08-16T12:27:13.759500641Z 	commit time:     2026-06-24T09:25:45Z
2026-08-16T12:27:13.759504608Z 	go version:      go1.26.2 linux/amd64
2026-08-16T12:27:13.760011529Z 2026-08-16T12:27:13.759716916Z[36m [INFO][AMF][CFG] [0mRead config from [./config/amfcfg.yaml]
2026-08-16T12:27:13.814499959Z 2026-08-16T12:27:13.814048362Z[36m [INFO][AMF][Main] [0mLog enable is set to [true]
2026-08-16T12:27:13.814526279Z 2026-08-16T12:27:13.814182905Z[36m [INFO][AMF][Main] [0mLog level is set to [info]
2026-08-16T12:27:13.814530196Z 2026-08-16T12:27:13.814196029Z[36m [INFO][AMF][Main] [0mReport Caller is set to [false]
2026-08-16T12:27:13.815238925Z 2026-08-16T12:27:13.814603533Z[36m [INFO][AMF][SBI] [0mBinding addr: [0.0.0.0:8080]
2026-08-16T12:27:13.815256047Z 2026-08-16T12:27:13.814646294Z[36m [INFO][AMF][Util] [0mamfconfig Info: Version[1.0.9]
2026-08-16T12:27:13.815521374Z 2026-08-16T12:27:13.815133748Z[36m [INFO][AMF][Init] [0mInitializing NGAP worker pool with 0 workers (buffer size: 1000)
2026-08-16T12:27:13.815530041Z 2026-08-16T12:27:13.815354401Z[36m [INFO][AMF][Ngap] [0mInitializing UE Scheduler with 6 workers
2026-08-16T12:27:13.816173678Z 2026-08-16T12:27:13.815719436Z[36m [INFO][AMF][Ngap] [0mGlobal UE Scheduler initialized with 6 workers, buffer size 1000
2026-08-16T12:27:13.816454223Z 2026-08-16T12:27:13.816268205Z[36m [INFO][AMF][Init] [0mServer started
2026-08-16T12:27:13.817876120Z 2026-08-16T12:27:13.817489114Z[36m [INFO][AMF][Ngap] [0mWorker 2 started
2026-08-16T12:27:13.818120468Z 2026-08-16T12:27:13.817638635Z[36m [INFO][AMF][Ngap] [0mWorker 0 started
2026-08-16T12:27:13.818129014Z 2026-08-16T12:27:13.817655807Z[36m [INFO][AMF][Ngap] [0mWorker 1 started
2026-08-16T12:27:13.818133102Z 2026-08-16T12:27:13.817666627Z[36m [INFO][AMF][Ngap] [0mWorker 4 started
2026-08-16T12:27:13.818136678Z 2026-08-16T12:27:13.817674282Z[36m [INFO][AMF][Ngap] [0mWorker 3 started
2026-08-16T12:27:13.818140335Z 2026-08-16T12:27:13.817680794Z[36m [INFO][AMF][Ngap] [0mWorker 5 started
2026-08-16T12:27:13.819880338Z 2026-08-16T12:27:13.819521876Z[36m [INFO][AMF][Ngap] [0mListen on 127.0.0.1/[::1%lo]/10.244.0.116/[fe80::f014:23ff:fe6e:35e1%eth0]:38412
2026-08-16T12:27:13.835704429Z 2026-08-16T12:27:13.834779034Z[36m [INFO][AMF][Main] [0mOAuth2 setting receive from NRF: false
2026-08-16T12:27:13.835723936Z 2026-08-16T12:27:13.834860457Z[36m [INFO][AMF][SBI] [0mStart SBI server (listen on 0.0.0.0:8080)
===== SNAPSHOT 2026-08-16T12:27:21.820662507Z =====
2026-08-16T12:27:13.084996764Z + curl --insecure --connect-timeout 1 -s -o /dev/null -w '%{http_code}' http://nrf-nnrf:8000
2026-08-16T12:27:13.116156901Z + '[' 200 -ne 200 ]
2026-08-16T12:27:13.759440638Z 2026-08-16T12:27:13.759103476Z[36m [INFO][AMF][Main] [0mAMF version:  
2026-08-16T12:27:13.759487326Z 	free5GC version: v4.2.3
2026-08-16T12:27:13.759492846Z 	build time:      2026-06-30T05:42:57Z
2026-08-16T12:27:13.759496754Z 	commit hash:     2962b9fd
2026-08-16T12:27:13.759500641Z 	commit time:     2026-06-24T09:25:45Z
2026-08-16T12:27:13.759504608Z 	go version:      go1.26.2 linux/amd64
2026-08-16T12:27:13.760011529Z 2026-08-16T12:27:13.759716916Z[36m [INFO][AMF][CFG] [0mRead config from [./config/amfcfg.yaml]
2026-08-16T12:27:13.814499959Z 2026-08-16T12:27:13.814048362Z[36m [INFO][AMF][Main] [0mLog enable is set to [true]
2026-08-16T12:27:13.814526279Z 2026-08-16T12:27:13.814182905Z[36m [INFO][AMF][Main] [0mLog level is set to [info]
2026-08-16T12:27:13.814530196Z 2026-08-16T12:27:13.814196029Z[36m [INFO][AMF][Main] [0mReport Caller is set to [false]
2026-08-16T12:27:13.815238925Z 2026-08-16T12:27:13.814603533Z[36m [INFO][AMF][SBI] [0mBinding addr: [0.0.0.0:8080]
2026-08-16T12:27:13.815256047Z 2026-08-16T12:27:13.814646294Z[36m [INFO][AMF][Util] [0mamfconfig Info: Version[1.0.9]
2026-08-16T12:27:13.815521374Z 2026-08-16T12:27:13.815133748Z[36m [INFO][AMF][Init] [0mInitializing NGAP worker pool with 0 workers (buffer size: 1000)
2026-08-16T12:27:13.815530041Z 2026-08-16T12:27:13.815354401Z[36m [INFO][AMF][Ngap] [0mInitializing UE Scheduler with 6 workers
2026-08-16T12:27:13.816173678Z 2026-08-16T12:27:13.815719436Z[36m [INFO][AMF][Ngap] [0mGlobal UE Scheduler initialized with 6 workers, buffer size 1000
2026-08-16T12:27:13.816454223Z 2026-08-16T12:27:13.816268205Z[36m [INFO][AMF][Init] [0mServer started
2026-08-16T12:27:13.817876120Z 2026-08-16T12:27:13.817489114Z[36m [INFO][AMF][Ngap] [0mWorker 2 started
2026-08-16T12:27:13.818120468Z 2026-08-16T12:27:13.817638635Z[36m [INFO][AMF][Ngap] [0mWorker 0 started
2026-08-16T12:27:13.818129014Z 2026-08-16T12:27:13.817655807Z[36m [INFO][AMF][Ngap] [0mWorker 1 started
2026-08-16T12:27:13.818133102Z 2026-08-16T12:27:13.817666627Z[36m [INFO][AMF][Ngap] [0mWorker 4 started
2026-08-16T12:27:13.818136678Z 2026-08-16T12:27:13.817674282Z[36m [INFO][AMF][Ngap] [0mWorker 3 started
2026-08-16T12:27:13.818140335Z 2026-08-16T12:27:13.817680794Z[36m [INFO][AMF][Ngap] [0mWorker 5 started
2026-08-16T12:27:13.819880338Z 2026-08-16T12:27:13.819521876Z[36m [INFO][AMF][Ngap] [0mListen on 127.0.0.1/[::1%lo]/10.244.0.116/[fe80::f014:23ff:fe6e:35e1%eth0]:38412
2026-08-16T12:27:13.835704429Z 2026-08-16T12:27:13.834779034Z[36m [INFO][AMF][Main] [0mOAuth2 setting receive from NRF: false
2026-08-16T12:27:13.835723936Z 2026-08-16T12:27:13.834860457Z[36m [INFO][AMF][SBI] [0mStart SBI server (listen on 0.0.0.0:8080)
===== SNAPSHOT 2026-08-16T12:27:25.145581850Z =====
2026-08-16T12:27:22.540995580Z 2026-08-16T12:27:22.539829584Z[36m [INFO][AMF][Ngap] [0m[AMF] SCTP Accept from: 10.244.0.100:40458
2026-08-16T12:27:22.543558426Z 2026-08-16T12:27:22.542774576Z[36m [INFO][AMF][Ngap] [0mCreate a new NG connection for: 10.244.0.100:40458
2026-08-16T12:27:22.543582070Z 2026-08-16T12:27:22.542862611Z[36m [INFO][AMF][Ngap][ran_addr:10.244.0.100:40458] [0mHandle NGSetupRequest
2026-08-16T12:27:22.543587200Z 2026-08-16T12:27:22.542906253Z[36m [INFO][AMF][Ngap][ran_addr:10.244.0.100:40458] [0mSend NG-Setup response
===== SNAPSHOT 2026-08-16T12:27:28.572007425Z =====
2026-08-16T12:27:22.540995580Z 2026-08-16T12:27:22.539829584Z[36m [INFO][AMF][Ngap] [0m[AMF] SCTP Accept from: 10.244.0.100:40458
2026-08-16T12:27:22.543558426Z 2026-08-16T12:27:22.542774576Z[36m [INFO][AMF][Ngap] [0mCreate a new NG connection for: 10.244.0.100:40458
2026-08-16T12:27:22.543582070Z 2026-08-16T12:27:22.542862611Z[36m [INFO][AMF][Ngap][ran_addr:10.244.0.100:40458] [0mHandle NGSetupRequest
2026-08-16T12:27:22.543587200Z 2026-08-16T12:27:22.542906253Z[36m [INFO][AMF][Ngap][ran_addr:10.244.0.100:40458] [0mSend NG-Setup response
===== SNAPSHOT 2026-08-16T12:27:31.958731199Z =====
2026-08-16T12:27:22.540995580Z 2026-08-16T12:27:22.539829584Z[36m [INFO][AMF][Ngap] [0m[AMF] SCTP Accept from: 10.244.0.100:40458
2026-08-16T12:27:22.543558426Z 2026-08-16T12:27:22.542774576Z[36m [INFO][AMF][Ngap] [0mCreate a new NG connection for: 10.244.0.100:40458
2026-08-16T12:27:22.543582070Z 2026-08-16T12:27:22.542862611Z[36m [INFO][AMF][Ngap][ran_addr:10.244.0.100:40458] [0mHandle NGSetupRequest
2026-08-16T12:27:22.543587200Z 2026-08-16T12:27:22.542906253Z[36m [INFO][AMF][Ngap][ran_addr:10.244.0.100:40458] [0mSend NG-Setup response
===== SNAPSHOT 2026-08-16T12:27:35.307683855Z =====
===== SNAPSHOT 2026-08-16T12:27:38.670409465Z =====
===== SNAPSHOT 2026-08-16T12:27:41.934944934Z =====
===== SNAPSHOT 2026-08-16T12:27:45.216661240Z =====
===== SNAPSHOT 2026-08-16T12:27:48.527459185Z =====
===== SNAPSHOT 2026-08-16T12:27:51.868670276Z =====
===== SNAPSHOT 2026-08-16T12:27:55.190811842Z =====
===== SNAPSHOT 2026-08-16T12:27:58.495686949Z =====
===== SNAPSHOT 2026-08-16T12:28:01.967452971Z =====
===== SNAPSHOT 2026-08-16T12:28:05.246365898Z =====
===== SNAPSHOT 2026-08-16T12:28:08.641312243Z =====
===== SNAPSHOT 2026-08-16T12:28:12.082181867Z =====
===== SNAPSHOT 2026-08-16T12:28:15.448353601Z =====
===== SNAPSHOT 2026-08-16T12:28:18.700117631Z =====
===== SNAPSHOT 2026-08-16T12:28:24.985322477Z =====
===== SNAPSHOT 2026-08-16T12:28:28.316084495Z =====
===== SNAPSHOT 2026-08-16T12:28:31.979575668Z =====
===== SNAPSHOT 2026-08-16T12:28:35.397643656Z =====
===== SNAPSHOT 2026-08-16T12:28:38.728165397Z =====
===== SNAPSHOT 2026-08-16T12:28:42.014633793Z =====
===== SNAPSHOT 2026-08-16T12:28:45.351153421Z =====
===== SNAPSHOT 2026-08-16T12:28:48.688424843Z =====
===== SNAPSHOT 2026-08-16T12:28:51.954059939Z =====
===== SNAPSHOT 2026-08-16T12:28:55.232936123Z =====
===== SNAPSHOT 2026-08-16T12:28:58.594740432Z =====
===== SNAPSHOT 2026-08-16T12:29:01.971117428Z =====
===== SNAPSHOT 2026-08-16T12:29:05.238500044Z =====
===== SNAPSHOT 2026-08-16T12:29:08.564517238Z =====
===== SNAPSHOT 2026-08-16T12:29:11.963984571Z =====
===== SNAPSHOT 2026-08-16T12:29:15.247519398Z =====
===== SNAPSHOT 2026-08-16T12:29:18.575434189Z =====
===== SNAPSHOT 2026-08-16T12:29:21.894091893Z =====
===== SNAPSHOT 2026-08-16T12:29:25.157147032Z =====
===== SNAPSHOT 2026-08-16T12:29:28.483469933Z =====
===== SNAPSHOT 2026-08-16T12:29:31.887831989Z =====
===== SNAPSHOT 2026-08-16T12:29:35.288496545Z =====
===== SNAPSHOT 2026-08-16T12:29:38.647308006Z =====
===== SNAPSHOT 2026-08-16T12:29:42.124573520Z =====
===== SNAPSHOT 2026-08-16T12:29:45.511813739Z =====
===== SNAPSHOT 2026-08-16T12:29:48.796316793Z =====
===== SNAPSHOT 2026-08-16T12:29:52.250879144Z =====
===== SNAPSHOT 2026-08-16T12:29:55.550924731Z =====
===== SNAPSHOT 2026-08-16T12:29:58.819516344Z =====
===== SNAPSHOT 2026-08-16T12:30:02.137737102Z =====
===== SNAPSHOT 2026-08-16T12:30:05.617659719Z =====
===== SNAPSHOT 2026-08-16T12:30:08.929314785Z =====
===== SNAPSHOT 2026-08-16T12:30:12.228110643Z =====
===== SNAPSHOT 2026-08-16T12:30:15.686175180Z =====
===== SNAPSHOT 2026-08-16T12:30:19.033898427Z =====
===== SNAPSHOT 2026-08-16T12:30:22.283926458Z =====
===== SNAPSHOT 2026-08-16T12:30:25.713835496Z =====
===== SNAPSHOT 2026-08-16T12:30:28.961661157Z =====
===== SNAPSHOT 2026-08-16T12:30:32.454565505Z =====
===== SNAPSHOT 2026-08-16T12:30:35.809661313Z =====
===== SNAPSHOT 2026-08-16T12:30:39.414605168Z =====
2026-08-16T12:30:39.795818627Z 2026-08-16T12:30:39.793176393Z[36m [INFO][AMF][Main] [0mTerminating AMF...
2026-08-16T12:30:39.795849475Z 2026-08-16T12:30:39.793231286Z[36m [INFO][AMF][SBI] [0mStop SBI server (listen on 0.0.0.0:8080)
2026-08-16T12:30:39.798385150Z SCTP: Failed to shutdown fd operation not supported
2026-08-16T12:30:39.798476721Z SCTPConn: SCTPWrite failed bad file descriptor
2026-08-16T12:30:39.798572842Z 2026-08-16T12:30:39.795918214Z[33m [WARN][AMF][SBI] [0mSBI server (listen on 0.0.0.0:8080) stopped
2026-08-16T12:30:39.798594051Z 2026-08-16T12:30:39.796051123Z[36m [INFO][AMF][Main] [0mSend AMF Status Indication to Notify RANs due to AMF terminating
2026-08-16T12:30:39.798597578Z 2026-08-16T12:30:39.796108991Z[36m [INFO][AMF][Ngap][ran_addr:10.244.0.100:40458] [0mSend AMF Status Indication
2026-08-16T12:30:39.798600654Z 2026-08-16T12:30:39.796521104Z[36m [INFO][AMF][Main] [0mShutting down NGAP worker pool and scheduler...
2026-08-16T12:30:39.798603609Z 2026-08-16T12:30:39.796537665Z[36m [INFO][AMF][Ngap] [0mShutting down UE Scheduler and all workers...
2026-08-16T12:30:39.798606996Z 2026-08-16T12:30:39.796545350Z[36m [INFO][AMF][Ngap] [0mClosing task channel for Worker 0
2026-08-16T12:30:39.798610041Z 2026-08-16T12:30:39.796554647Z[36m [INFO][AMF][Ngap] [0mClosing task channel for Worker 1
2026-08-16T12:30:39.798613097Z 2026-08-16T12:30:39.796561660Z[36m [INFO][AMF][Ngap] [0mClosing task channel for Worker 2
2026-08-16T12:30:39.798616083Z 2026-08-16T12:30:39.796567992Z[36m [INFO][AMF][Ngap] [0mClosing task channel for Worker 3
2026-08-16T12:30:39.798619289Z 2026-08-16T12:30:39.796574094Z[36m [INFO][AMF][Ngap] [0mClosing task channel for Worker 4
2026-08-16T12:30:39.798622385Z 2026-08-16T12:30:39.796580045Z[36m [INFO][AMF][Ngap] [0mClosing task channel for Worker 5
2026-08-16T12:30:39.798625440Z 2026-08-16T12:30:39.796592107Z[36m [INFO][AMF][Ngap] [0mWorker 5: shutdown signal received, draining queue...
2026-08-16T12:30:39.798628456Z 2026-08-16T12:30:39.796599361Z[36m [INFO][AMF][Ngap] [0mWorker 5: queue drained, stopped.
2026-08-16T12:30:39.798631512Z 2026-08-16T12:30:39.796608819Z[36m [INFO][AMF][Ngap] [0mWorker 0: shutdown signal received, draining queue...
2026-08-16T12:30:39.798634507Z 2026-08-16T12:30:39.796614850Z[36m [INFO][AMF][Ngap] [0mWorker 0: queue drained, stopped.
2026-08-16T12:30:39.798637503Z 2026-08-16T12:30:39.796623687Z[36m [INFO][AMF][Ngap] [0mWorker 1: shutdown signal received, draining queue...
2026-08-16T12:30:39.798640489Z 2026-08-16T12:30:39.796629498Z[36m [INFO][AMF][Ngap] [0mWorker 1: queue drained, stopped.
2026-08-16T12:30:39.798643454Z 2026-08-16T12:30:39.796636230Z[36m [INFO][AMF][Ngap] [0mWorker 2: shutdown signal received, draining queue...
2026-08-16T12:30:39.798646420Z 2026-08-16T12:30:39.796642111Z[36m [INFO][AMF][Ngap] [0mWorker 2: queue drained, stopped.
2026-08-16T12:30:39.798649395Z 2026-08-16T12:30:39.796650337Z[36m [INFO][AMF][Ngap] [0mWorker 3: shutdown signal received, draining queue...
2026-08-16T12:30:39.798652401Z 2026-08-16T12:30:39.796656208Z[36m [INFO][AMF][Ngap] [0mWorker 3: queue drained, stopped.
2026-08-16T12:30:39.798655366Z 2026-08-16T12:30:39.796662509Z[36m [INFO][AMF][Ngap] [0mWorker 4: shutdown signal received, draining queue...
2026-08-16T12:30:39.798658342Z 2026-08-16T12:30:39.796668270Z[36m [INFO][AMF][Ngap] [0mWorker 4: queue drained, stopped.
2026-08-16T12:30:39.798661378Z 2026-08-16T12:30:39.796676265Z[36m [INFO][AMF][Ngap] [0mAll workers shut down successfully
2026-08-16T12:30:39.798664974Z 2026-08-16T12:30:39.796682707Z[36m [INFO][AMF][Ngap] [0mClose SCTP server...
2026-08-16T12:30:39.798667950Z 2026-08-16T12:30:39.796767867Z[36m [INFO][AMF][Ngap] [0mSCTP server closed
2026-08-16T12:30:39.798670976Z 2026-08-16T12:30:39.796777074Z[36m [INFO][AMF][Consumer] [0m[AMF] Send Deregister NFInstance
2026-08-16T12:30:39.798673941Z 2026-08-16T12:30:39.798086529Z[36m [INFO][AMF][Ngap] [0mHandle SCTP Connection Error[addr: <nil>] - remove RAN
2026-08-16T12:30:39.798678199Z 2026-08-16T12:30:39.798351506Z[36m [INFO][AMF][Ngap][ran_addr:10.244.0.100:40458] [0mRemove RAN Context[ID: <PlmnID: {Mcc:208 Mnc:93}, GNbID: 00000001>]
