2026-08-11T12:06:40.205915060Z[36m [INFO][AMF][Main] [0mAMF version:  
	free5GC version: v4.2.3
	build time:      2026-06-30T05:42:57Z
	commit hash:     2962b9fd
	commit time:     2026-06-24T09:25:45Z
	go version:      go1.26.2 linux/amd64
2026-08-11T12:06:40.206969757Z[36m [INFO][AMF][CFG] [0mRead config from [./config/amfcfg.yaml]
2026-08-11T12:06:40.210530864Z[36m [INFO][AMF][Main] [0mLog enable is set to [true]
2026-08-11T12:06:40.210611836Z[36m [INFO][AMF][Main] [0mLog level is set to [info]
2026-08-11T12:06:40.210623447Z[36m [INFO][AMF][Main] [0mReport Caller is set to [false]
2026-08-11T12:06:40.211600980Z[36m [INFO][AMF][SBI] [0mBinding addr: [0.0.0.0:8080]
2026-08-11T12:06:40.211863873Z[36m [INFO][AMF][Util] [0mamfconfig Info: Version[1.0.9]
2026-08-11T12:06:40.211974010Z[36m [INFO][AMF][Init] [0mInitializing NGAP worker pool with 0 workers (buffer size: 1000)
2026-08-11T12:06:40.211990130Z[36m [INFO][AMF][Ngap] [0mInitializing UE Scheduler with 6 workers
2026-08-11T12:06:40.212033040Z[36m [INFO][AMF][Ngap] [0mGlobal UE Scheduler initialized with 6 workers, buffer size 1000
2026-08-11T12:06:40.212043330Z[36m [INFO][AMF][Init] [0mServer started
2026-08-11T12:06:40.214737952Z[36m [INFO][AMF][Ngap] [0mWorker 0 started
2026-08-11T12:06:40.214797413Z[36m [INFO][AMF][Ngap] [0mWorker 1 started
2026-08-11T12:06:40.214817521Z[36m [INFO][AMF][Ngap] [0mWorker 2 started
2026-08-11T12:06:40.214829443Z[36m [INFO][AMF][Ngap] [0mWorker 3 started
2026-08-11T12:06:40.214848709Z[36m [INFO][AMF][Ngap] [0mWorker 4 started
2026-08-11T12:06:40.214856213Z[36m [INFO][AMF][Ngap] [0mWorker 5 started
2026-08-11T12:06:40.218491199Z[36m [INFO][AMF][Ngap] [0mListen on 127.0.0.1/[::1%lo]/10.244.0.57/[fe80::283f:2fff:feb3:8d1a%eth0]:38412
2026-08-11T12:06:40.256323893Z[36m [INFO][AMF][Main] [0mOAuth2 setting receive from NRF: false
2026-08-11T12:06:40.256432817Z[36m [INFO][AMF][SBI] [0mStart SBI server (listen on 0.0.0.0:8080)
