2026-08-16T08:31:10.898046990Z[36m [INFO][UDR][Main] [0mUDR version:  
	free5GC version: v4.2.3
	build time:      2026-06-30T05:46:39Z
	commit hash:     b649f90d
	commit time:     2026-06-22T00:53:09Z
	go version:      go1.26.2 linux/amd64
2026-08-16T08:31:10.900983246Z[36m [INFO][UDR][CFG] [0mRead config from [./config/udrcfg.yaml]
2026-08-16T08:31:10.909470441Z[36m [INFO][UDR][Util] [0mudrconfig Info: Version[1.1.0] Description[UDR initial local configuration]
2026-08-16T08:31:10.909577271Z[36m [INFO][UDR][Main] [0mLog enable is set to [true]
2026-08-16T08:31:10.909590466Z[36m [INFO][UDR][Main] [0mLog level is set to [info]
2026-08-16T08:31:10.909597048Z[36m [INFO][UDR][Main] [0mReport Caller is set to [false]
2026-08-16T08:31:12.215328087Z[36m [INFO][UDR][Main] [0mOAuth2 setting receive from NRF: false
2026-08-16T08:31:12.215357332Z[36m [INFO][UDR][Init] [0mregister to NRF successfully
2026-08-16T08:31:12.215368703Z[36m [INFO][UDR][Init] [0mServer started
2026-08-16T08:31:12.215383821Z[36m [INFO][UDR][Init] [0mUDR Config Info: Version[1.1.0] Description[UDR initial local configuration]
2026-08-16T08:31:12.218679240Z[36m [INFO][UDR][SBI] [0mStarting server...
2026-08-16T08:31:10.898046990Z[36m [INFO][UDR][Main] [0mUDR version:  
	free5GC version: v4.2.3
	build time:      2026-06-30T05:46:39Z
	commit hash:     b649f90d
	commit time:     2026-06-22T00:53:09Z
	go version:      go1.26.2 linux/amd64
2026-08-16T08:31:10.900983246Z[36m [INFO][UDR][CFG] [0mRead config from [./config/udrcfg.yaml]
2026-08-16T08:31:10.909470441Z[36m [INFO][UDR][Util] [0mudrconfig Info: Version[1.1.0] Description[UDR initial local configuration]
2026-08-16T08:31:10.909577271Z[36m [INFO][UDR][Main] [0mLog enable is set to [true]
2026-08-16T08:31:10.909590466Z[36m [INFO][UDR][Main] [0mLog level is set to [info]
2026-08-16T08:31:10.909597048Z[36m [INFO][UDR][Main] [0mReport Caller is set to [false]
2026-08-16T08:31:12.215328087Z[36m [INFO][UDR][Main] [0mOAuth2 setting receive from NRF: false
2026-08-16T08:31:12.215357332Z[36m [INFO][UDR][Init] [0mregister to NRF successfully
2026-08-16T08:31:12.215368703Z[36m [INFO][UDR][Init] [0mServer started
2026-08-16T08:31:12.215383821Z[36m [INFO][UDR][Init] [0mUDR Config Info: Version[1.1.0] Description[UDR initial local configuration]
2026-08-16T08:31:12.218679240Z[36m [INFO][UDR][SBI] [0mStarting server...
