time="2026-08-15T22:38:33+08:00" level=info msg="Loaded config at: /tmp/open5glos-gnb1.yml"
time="2026-08-15T22:38:33+08:00" level=info msg="PacketRusher version 1.0.1"
time="2026-08-15T22:38:33+08:00" level=info msg=---------------------------------------
time="2026-08-15T22:38:33+08:00" level=info msg="[TESTER] Starting test function: Testing registration of multiple UEs"
time="2026-08-15T22:38:33+08:00" level=info msg="[TESTER][UE] Number of UEs: 10"
time="2026-08-15T22:38:33+08:00" level=info msg="[TESTER][GNB] gNodeB control interface IP/Port: 172.18.0.1:9487~"
time="2026-08-15T22:38:33+08:00" level=info msg="[TESTER][GNB] gNodeB data interface IP/Port: 172.18.0.1:2152"
time="2026-08-15T22:38:33+08:00" level=info msg="[TESTER][AMF] AMF IP/Port: 172.18.0.2:30412"
time="2026-08-15T22:38:33+08:00" level=info msg=---------------------------------------
time="2026-08-15T22:38:33+08:00" level=info msg="[GNB] InitGnb called with N2 IP: 172.18.0.1:9487"
time="2026-08-15T22:38:33+08:00" level=info msg="[GNB] Attempting connection with N2 IP: 172.18.0.1:9487"
time="2026-08-15T22:38:33+08:00" level=info msg="[GNB][SCTP] Initializing connection: local=172.18.0.1:9487 remote=172.18.0.2:30412"
time="2026-08-15T22:38:33+08:00" level=info msg="[GNB][SCTP] Attempting SCTP dial..."
time="2026-08-15T22:38:33+08:00" level=info msg="[GNB][SCTP] SCTP connection established successfully"
time="2026-08-15T22:38:33+08:00" level=info msg="[GNB][SCTP] Starting GnbListen goroutine..."
time="2026-08-15T22:38:33+08:00" level=info msg="[GNB] SCTP/NGAP service is running"
time="2026-08-15T22:38:33+08:00" level=info msg="[GNB] Sending NG Setup Request..."
time="2026-08-15T22:38:33+08:00" level=info msg="[GNB] Initiating NG Setup Request"
time="2026-08-15T22:38:33+08:00" level=info msg="[GNB] NG Setup Request sent, waiting for response..."
time="2026-08-15T22:38:33+08:00" level=info msg="[GNB][SCTP] Receive message in 0 stream\n"
time="2026-08-15T22:38:33+08:00" level=info msg="[GNB][NGAP] Receive NG Setup Response"
time="2026-08-15T22:38:33+08:00" level=info msg="[GNB][AMF] AMF Name: AMF000"
time="2026-08-15T22:38:33+08:00" level=info msg="[GNB][AMF] State of AMF: Active"
time="2026-08-15T22:38:33+08:00" level=info msg="[GNB][AMF] Capacity of AMF: 255"
time="2026-08-15T22:38:33+08:00" level=info msg="[GNB][AMF] PLMNs Identities Supported by AMF -- mcc: 208 mnc:93"
time="2026-08-15T22:38:33+08:00" level=info msg="[GNB][AMF] List of AMF slices Supported by AMF -- sst:01 sd:010203"
time="2026-08-15T22:38:33+08:00" level=info msg="[GNB] NG Setup successful with N2 IP: 172.18.0.1:9487"
time="2026-08-15T22:38:34+08:00" level=info msg="[TESTER] TESTING REGISTRATION USING IMSI 0000009631 UE"
time="2026-08-15T22:38:34+08:00" level=info msg="[GNB] Received incoming connection from new UE"
time="2026-08-15T22:38:34+08:00" level=info msg="[UE] Initiating Registration"
time="2026-08-15T22:38:34+08:00" level=info msg="[UE] Switched from state 0 to state 1"
time="2026-08-15T22:38:34+08:00" level=info msg="[TESTER] TESTING REGISTRATION USING IMSI 0000009632 UE"
time="2026-08-15T22:38:34+08:00" level=info msg="[GNB] Received incoming connection from new UE"
time="2026-08-15T22:38:34+08:00" level=info msg="[UE] Initiating Registration"
time="2026-08-15T22:38:34+08:00" level=info msg="[UE] Switched from state 0 to state 1"
time="2026-08-15T22:38:34+08:00" level=info msg="[TESTER] TESTING REGISTRATION USING IMSI 0000009633 UE"
time="2026-08-15T22:38:34+08:00" level=info msg="[GNB] Received incoming connection from new UE"
time="2026-08-15T22:38:34+08:00" level=info msg="[UE] Initiating Registration"
time="2026-08-15T22:38:34+08:00" level=info msg="[UE] Switched from state 0 to state 1"
time="2026-08-15T22:38:34+08:00" level=info msg="[TESTER] TESTING REGISTRATION USING IMSI 0000009634 UE"
time="2026-08-15T22:38:34+08:00" level=info msg="[GNB] Received incoming connection from new UE"
time="2026-08-15T22:38:34+08:00" level=info msg="[UE] Initiating Registration"
time="2026-08-15T22:38:34+08:00" level=info msg="[UE] Switched from state 0 to state 1"
time="2026-08-15T22:38:34+08:00" level=info msg="[TESTER] TESTING REGISTRATION USING IMSI 0000009635 UE"
time="2026-08-15T22:38:34+08:00" level=info msg="[GNB] Received incoming connection from new UE"
time="2026-08-15T22:38:34+08:00" level=info msg="[UE] Initiating Registration"
time="2026-08-15T22:38:34+08:00" level=info msg="[UE] Switched from state 0 to state 1"
time="2026-08-15T22:38:35+08:00" level=info msg="[TESTER] TESTING REGISTRATION USING IMSI 0000009636 UE"
time="2026-08-15T22:38:35+08:00" level=info msg="[GNB] Received incoming connection from new UE"
time="2026-08-15T22:38:35+08:00" level=info msg="[UE] Initiating Registration"
time="2026-08-15T22:38:35+08:00" level=info msg="[UE] Switched from state 0 to state 1"
time="2026-08-15T22:38:35+08:00" level=info msg="[TESTER] TESTING REGISTRATION USING IMSI 0000009637 UE"
time="2026-08-15T22:38:35+08:00" level=info msg="[GNB] Received incoming connection from new UE"
time="2026-08-15T22:38:35+08:00" level=info msg="[UE] Initiating Registration"
time="2026-08-15T22:38:35+08:00" level=info msg="[UE] Switched from state 0 to state 1"
time="2026-08-15T22:38:35+08:00" level=info msg="[TESTER] TESTING REGISTRATION USING IMSI 0000009638 UE"
time="2026-08-15T22:38:35+08:00" level=info msg="[GNB] Received incoming connection from new UE"
time="2026-08-15T22:38:35+08:00" level=info msg="[UE] Initiating Registration"
time="2026-08-15T22:38:35+08:00" level=info msg="[UE] Switched from state 0 to state 1"
time="2026-08-15T22:38:35+08:00" level=info msg="[TESTER] TESTING REGISTRATION USING IMSI 0000009639 UE"
time="2026-08-15T22:38:35+08:00" level=info msg="[GNB] Received incoming connection from new UE"
time="2026-08-15T22:38:35+08:00" level=info msg="[UE] Initiating Registration"
time="2026-08-15T22:38:35+08:00" level=info msg="[UE] Switched from state 0 to state 1"
time="2026-08-15T22:38:35+08:00" level=info msg="[TESTER] TESTING REGISTRATION USING IMSI 0000009640 UE"
time="2026-08-15T22:38:35+08:00" level=info msg="[GNB] Received incoming connection from new UE"
time="2026-08-15T22:38:35+08:00" level=info msg="[UE] Initiating Registration"
time="2026-08-15T22:38:35+08:00" level=info msg="[UE] Switched from state 0 to state 1"
time="2026-08-15T22:38:39+08:00" level=info msg="[GNB][SCTP] Receive message in 0 stream\n"
time="2026-08-15T22:38:39+08:00" level=info msg="[GNB][NGAP] Receive Downlink NAS Transport"
time="2026-08-15T22:38:39+08:00" level=info msg="[UE][NAS] Message without security header"
time="2026-08-15T22:38:39+08:00" level=info msg="[UE][NAS] Receive Authentication Request"
time="2026-08-15T22:38:39+08:00" level=info msg="[UE][NAS][MAC] Authenticity of the authentication request message: OK"
time="2026-08-15T22:38:39+08:00" level=info msg="[UE][NAS][SQN] SQN of the authentication request message: VALID"
time="2026-08-15T22:38:39+08:00" level=info msg="[UE][NAS] Send authentication response"
time="2026-08-15T22:38:39+08:00" level=info msg="[UE] Switched from state 1 to state 2"
time="2026-08-15T22:38:39+08:00" level=info msg="[GNB][SCTP] Receive message in 0 stream\n"
time="2026-08-15T22:38:39+08:00" level=info msg="[GNB][NGAP] Receive Downlink NAS Transport"
time="2026-08-15T22:38:39+08:00" level=info msg="[UE][NAS] Message without security header"
time="2026-08-15T22:38:39+08:00" level=info msg="[UE][NAS] Receive Authentication Request"
time="2026-08-15T22:38:39+08:00" level=info msg="[UE][NAS][MAC] Authenticity of the authentication request message: OK"
time="2026-08-15T22:38:39+08:00" level=info msg="[UE][NAS][SQN] SQN of the authentication request message: VALID"
time="2026-08-15T22:38:39+08:00" level=info msg="[UE][NAS] Send authentication response"
time="2026-08-15T22:38:39+08:00" level=info msg="[UE] Switched from state 1 to state 2"
time="2026-08-15T22:38:39+08:00" level=info msg="[GNB][SCTP] Receive message in 0 stream\n"
time="2026-08-15T22:38:39+08:00" level=info msg="[GNB][NGAP] Receive Downlink NAS Transport"
time="2026-08-15T22:38:39+08:00" level=info msg="[UE][NAS] Message without security header"
time="2026-08-15T22:38:39+08:00" level=info msg="[UE][NAS] Receive Authentication Request"
time="2026-08-15T22:38:39+08:00" level=info msg="[UE][NAS][MAC] Authenticity of the authentication request message: OK"
time="2026-08-15T22:38:39+08:00" level=info msg="[UE][NAS][SQN] SQN of the authentication request message: VALID"
time="2026-08-15T22:38:39+08:00" level=info msg="[UE][NAS] Send authentication response"
time="2026-08-15T22:38:39+08:00" level=info msg="[UE] Switched from state 1 to state 2"
time="2026-08-15T22:38:39+08:00" level=info msg="[GNB][SCTP] Receive message in 0 stream\n"
time="2026-08-15T22:38:39+08:00" level=info msg="[GNB][NGAP] Receive Downlink NAS Transport"
time="2026-08-15T22:38:39+08:00" level=info msg="[UE][NAS] Message without security header"
time="2026-08-15T22:38:39+08:00" level=info msg="[UE][NAS] Receive Authentication Request"
time="2026-08-15T22:38:39+08:00" level=info msg="[UE][NAS][MAC] Authenticity of the authentication request message: OK"
time="2026-08-15T22:38:39+08:00" level=info msg="[UE][NAS][SQN] SQN of the authentication request message: VALID"
time="2026-08-15T22:38:39+08:00" level=info msg="[UE][NAS] Send authentication response"
time="2026-08-15T22:38:39+08:00" level=info msg="[UE] Switched from state 1 to state 2"
time="2026-08-15T22:38:39+08:00" level=info msg="[GNB][SCTP] Receive message in 0 stream\n"
time="2026-08-15T22:38:39+08:00" level=info msg="[GNB][NGAP] Receive Downlink NAS Transport"
time="2026-08-15T22:38:39+08:00" level=info msg="[UE][NAS] Message with security header"
time="2026-08-15T22:38:39+08:00" level=info msg="[UE][NAS] Message with integrity and with NEW 5G NAS SECURITY CONTEXT"
time="2026-08-15T22:38:39+08:00" level=info msg="[UE][NAS] successful NAS MAC verification"
time="2026-08-15T22:38:39+08:00" level=info msg="[UE][NAS] Receive Security Mode Command"
time="2026-08-15T22:38:39+08:00" level=info msg="[UE][NAS] Type of ciphering algorithm is 5G-EA0"
time="2026-08-15T22:38:39+08:00" level=info msg="[UE][NAS] Type of integrity protection algorithm is 128-5G-IA2"
time="2026-08-15T22:38:39+08:00" level=info msg="[GNB][SCTP] Receive message in 0 stream\n"
time="2026-08-15T22:38:39+08:00" level=info msg="[GNB][NGAP] Receive Downlink NAS Transport"
time="2026-08-15T22:38:39+08:00" level=info msg="[UE][NAS] Message without security header"
time="2026-08-15T22:38:39+08:00" level=info msg="[UE][NAS] Receive Authentication Request"
time="2026-08-15T22:38:39+08:00" level=info msg="[UE][NAS][MAC] Authenticity of the authentication request message: OK"
time="2026-08-15T22:38:39+08:00" level=info msg="[UE][NAS][SQN] SQN of the authentication request message: VALID"
time="2026-08-15T22:38:39+08:00" level=info msg="[UE][NAS] Send authentication response"
time="2026-08-15T22:38:39+08:00" level=info msg="[UE] Switched from state 1 to state 2"
time="2026-08-15T22:38:40+08:00" level=info msg="[GNB][SCTP] Receive message in 0 stream\n"
time="2026-08-15T22:38:40+08:00" level=info msg="[GNB][NGAP] Receive Downlink NAS Transport"
time="2026-08-15T22:38:40+08:00" level=info msg="[UE][NAS] Message without security header"
time="2026-08-15T22:38:40+08:00" level=info msg="[UE][NAS] Receive Authentication Request"
time="2026-08-15T22:38:40+08:00" level=info msg="[UE][NAS][MAC] Authenticity of the authentication request message: OK"
time="2026-08-15T22:38:40+08:00" level=info msg="[UE][NAS][SQN] SQN of the authentication request message: VALID"
time="2026-08-15T22:38:40+08:00" level=info msg="[UE][NAS] Send authentication response"
time="2026-08-15T22:38:40+08:00" level=info msg="[UE] Switched from state 1 to state 2"
time="2026-08-15T22:38:40+08:00" level=info msg="[GNB][SCTP] Receive message in 0 stream\n"
time="2026-08-15T22:38:40+08:00" level=info msg="[GNB][NGAP] Receive Downlink NAS Transport"
time="2026-08-15T22:38:40+08:00" level=info msg="[UE][NAS] Message without security header"
time="2026-08-15T22:38:40+08:00" level=info msg="[UE][NAS] Receive Authentication Request"
time="2026-08-15T22:38:40+08:00" level=info msg="[UE][NAS][MAC] Authenticity of the authentication request message: OK"
time="2026-08-15T22:38:40+08:00" level=info msg="[UE][NAS][SQN] SQN of the authentication request message: VALID"
time="2026-08-15T22:38:40+08:00" level=info msg="[UE][NAS] Send authentication response"
time="2026-08-15T22:38:40+08:00" level=info msg="[UE] Switched from state 1 to state 2"
time="2026-08-15T22:38:40+08:00" level=info msg="[GNB][SCTP] Receive message in 0 stream\n"
time="2026-08-15T22:38:40+08:00" level=info msg="[GNB][NGAP] Receive Downlink NAS Transport"
time="2026-08-15T22:38:40+08:00" level=info msg="[UE][NAS] Message with security header"
time="2026-08-15T22:38:40+08:00" level=info msg="[UE][NAS] Message with integrity and with NEW 5G NAS SECURITY CONTEXT"
time="2026-08-15T22:38:40+08:00" level=info msg="[UE][NAS] successful NAS MAC verification"
time="2026-08-15T22:38:40+08:00" level=info msg="[UE][NAS] Receive Security Mode Command"
time="2026-08-15T22:38:40+08:00" level=info msg="[UE][NAS] Type of ciphering algorithm is 5G-EA0"
time="2026-08-15T22:38:40+08:00" level=info msg="[UE][NAS] Type of integrity protection algorithm is 128-5G-IA2"
time="2026-08-15T22:38:40+08:00" level=info msg="[GNB][SCTP] Receive message in 0 stream\n"
time="2026-08-15T22:38:40+08:00" level=info msg="[GNB][NGAP] Receive Downlink NAS Transport"
time="2026-08-15T22:38:40+08:00" level=info msg="[UE][NAS] Message with security header"
time="2026-08-15T22:38:40+08:00" level=info msg="[UE][NAS] Message with integrity and with NEW 5G NAS SECURITY CONTEXT"
time="2026-08-15T22:38:40+08:00" level=info msg="[UE][NAS] successful NAS MAC verification"
time="2026-08-15T22:38:40+08:00" level=info msg="[UE][NAS] Receive Security Mode Command"
time="2026-08-15T22:38:40+08:00" level=info msg="[UE][NAS] Type of ciphering algorithm is 5G-EA0"
time="2026-08-15T22:38:40+08:00" level=info msg="[UE][NAS] Type of integrity protection algorithm is 128-5G-IA2"
time="2026-08-15T22:38:40+08:00" level=info msg="[GNB][SCTP] Receive message in 0 stream\n"
time="2026-08-15T22:38:40+08:00" level=info msg="[GNB][NGAP] Receive Downlink NAS Transport"
time="2026-08-15T22:38:40+08:00" level=info msg="[UE][NAS] Message with security header"
time="2026-08-15T22:38:40+08:00" level=info msg="[UE][NAS] Message with integrity and with NEW 5G NAS SECURITY CONTEXT"
time="2026-08-15T22:38:40+08:00" level=info msg="[UE][NAS] successful NAS MAC verification"
time="2026-08-15T22:38:40+08:00" level=info msg="[UE][NAS] Receive Security Mode Command"
time="2026-08-15T22:38:40+08:00" level=info msg="[UE][NAS] Type of ciphering algorithm is 5G-EA0"
time="2026-08-15T22:38:40+08:00" level=info msg="[UE][NAS] Type of integrity protection algorithm is 128-5G-IA2"
time="2026-08-15T22:38:40+08:00" level=info msg="[GNB][SCTP] Receive message in 0 stream\n"
time="2026-08-15T22:38:40+08:00" level=info msg="[GNB][NGAP] Receive Downlink NAS Transport"
time="2026-08-15T22:38:40+08:00" level=info msg="[UE][NAS] Message with security header"
time="2026-08-15T22:38:40+08:00" level=info msg="[UE][NAS] Message with integrity and with NEW 5G NAS SECURITY CONTEXT"
time="2026-08-15T22:38:40+08:00" level=info msg="[UE][NAS] successful NAS MAC verification"
time="2026-08-15T22:38:40+08:00" level=info msg="[UE][NAS] Receive Security Mode Command"
time="2026-08-15T22:38:40+08:00" level=info msg="[UE][NAS] Type of ciphering algorithm is 5G-EA0"
time="2026-08-15T22:38:40+08:00" level=info msg="[UE][NAS] Type of integrity protection algorithm is 128-5G-IA2"
time="2026-08-15T22:38:40+08:00" level=info msg="[GNB][SCTP] Receive message in 0 stream\n"
time="2026-08-15T22:38:40+08:00" level=info msg="[GNB][NGAP] Receive Downlink NAS Transport"
time="2026-08-15T22:38:40+08:00" level=info msg="[UE][NAS] Message without security header"
time="2026-08-15T22:38:40+08:00" level=info msg="[UE][NAS] Receive Authentication Request"
time="2026-08-15T22:38:40+08:00" level=info msg="[UE][NAS][MAC] Authenticity of the authentication request message: OK"
time="2026-08-15T22:38:40+08:00" level=info msg="[UE][NAS][SQN] SQN of the authentication request message: VALID"
time="2026-08-15T22:38:40+08:00" level=info msg="[UE][NAS] Send authentication response"
time="2026-08-15T22:38:40+08:00" level=info msg="[UE] Switched from state 1 to state 2"
time="2026-08-15T22:38:41+08:00" level=info msg="[GNB][SCTP] Receive message in 0 stream\n"
time="2026-08-15T22:38:41+08:00" level=info msg="[GNB][NGAP] Receive Downlink NAS Transport"
time="2026-08-15T22:38:41+08:00" level=info msg="[UE][NAS] Message without security header"
time="2026-08-15T22:38:41+08:00" level=info msg="[UE][NAS] Receive Authentication Request"
time="2026-08-15T22:38:41+08:00" level=info msg="[UE][NAS][MAC] Authenticity of the authentication request message: OK"
time="2026-08-15T22:38:41+08:00" level=info msg="[UE][NAS][SQN] SQN of the authentication request message: VALID"
time="2026-08-15T22:38:41+08:00" level=info msg="[UE][NAS] Send authentication response"
time="2026-08-15T22:38:41+08:00" level=info msg="[UE] Switched from state 1 to state 2"
time="2026-08-15T22:38:42+08:00" level=info msg="[GNB][SCTP] Receive message in 0 stream\n"
time="2026-08-15T22:38:42+08:00" level=info msg="[GNB][NGAP] Receive Downlink NAS Transport"
time="2026-08-15T22:38:42+08:00" level=info msg="[UE][NAS] Message without security header"
time="2026-08-15T22:38:42+08:00" level=info msg="[UE][NAS] Receive Authentication Request"
time="2026-08-15T22:38:42+08:00" level=info msg="[UE][NAS][MAC] Authenticity of the authentication request message: OK"
time="2026-08-15T22:38:42+08:00" level=info msg="[UE][NAS][SQN] SQN of the authentication request message: VALID"
time="2026-08-15T22:38:42+08:00" level=info msg="[UE][NAS] Send authentication response"
time="2026-08-15T22:38:42+08:00" level=info msg="[UE] Switched from state 1 to state 2"
time="2026-08-15T22:38:42+08:00" level=info msg="[GNB][SCTP] Receive message in 0 stream\n"
time="2026-08-15T22:38:42+08:00" level=info msg="[GNB][NGAP] Receive Downlink NAS Transport"
time="2026-08-15T22:38:42+08:00" level=info msg="[UE][NAS] Message with security header"
time="2026-08-15T22:38:42+08:00" level=info msg="[UE][NAS] Message with integrity and with NEW 5G NAS SECURITY CONTEXT"
time="2026-08-15T22:38:42+08:00" level=info msg="[UE][NAS] successful NAS MAC verification"
time="2026-08-15T22:38:42+08:00" level=info msg="[UE][NAS] Receive Security Mode Command"
time="2026-08-15T22:38:42+08:00" level=info msg="[UE][NAS] Type of ciphering algorithm is 5G-EA0"
time="2026-08-15T22:38:42+08:00" level=info msg="[UE][NAS] Type of integrity protection algorithm is 128-5G-IA2"
time="2026-08-15T22:38:42+08:00" level=info msg="[GNB][SCTP] Receive message in 0 stream\n"
time="2026-08-15T22:38:42+08:00" level=info msg="[GNB][NGAP] Receive Downlink NAS Transport"
time="2026-08-15T22:38:42+08:00" level=info msg="[UE][NAS] Message with security header"
time="2026-08-15T22:38:42+08:00" level=info msg="[UE][NAS] Message with integrity and with NEW 5G NAS SECURITY CONTEXT"
time="2026-08-15T22:38:42+08:00" level=info msg="[UE][NAS] successful NAS MAC verification"
time="2026-08-15T22:38:42+08:00" level=info msg="[UE][NAS] Receive Security Mode Command"
time="2026-08-15T22:38:42+08:00" level=info msg="[UE][NAS] Type of ciphering algorithm is 5G-EA0"
time="2026-08-15T22:38:42+08:00" level=info msg="[UE][NAS] Type of integrity protection algorithm is 128-5G-IA2"
time="2026-08-15T22:38:42+08:00" level=info msg="[GNB][SCTP] Receive message in 0 stream\n"
time="2026-08-15T22:38:42+08:00" level=info msg="[GNB][NGAP] Receive Downlink NAS Transport"
time="2026-08-15T22:38:42+08:00" level=info msg="[UE][NAS] Message with security header"
time="2026-08-15T22:38:42+08:00" level=info msg="[UE][NAS] Message with integrity and with NEW 5G NAS SECURITY CONTEXT"
time="2026-08-15T22:38:42+08:00" level=info msg="[UE][NAS] successful NAS MAC verification"
time="2026-08-15T22:38:42+08:00" level=info msg="[UE][NAS] Receive Security Mode Command"
time="2026-08-15T22:38:42+08:00" level=info msg="[UE][NAS] Type of ciphering algorithm is 5G-EA0"
time="2026-08-15T22:38:42+08:00" level=info msg="[UE][NAS] Type of integrity protection algorithm is 128-5G-IA2"
time="2026-08-15T22:38:42+08:00" level=info msg="[GNB][SCTP] Receive message in 0 stream\n"
time="2026-08-15T22:38:42+08:00" level=info msg="[GNB][NGAP] Receive Initial Context Setup Request"
time="2026-08-15T22:38:42+08:00" level=info msg="[GNB][UE] UE Context was created with successful"
time="2026-08-15T22:38:42+08:00" level=info msg="[GNB][UE] UE RAN ID 1"
time="2026-08-15T22:38:42+08:00" level=info msg="[GNB][UE] UE AMF ID 0"
time="2026-08-15T22:38:42+08:00" level=info msg="[GNB][UE] UE Mobility Restrict --Plmn-- Mcc: 208 Mnc: 93"
time="2026-08-15T22:38:42+08:00" level=info msg="[GNB][UE] UE Masked Imeisv: 1110000000ffff00"
time="2026-08-15T22:38:42+08:00" level=info msg="[GNB][UE] Allowed Nssai-- Sst: [01 01] Sd: [010203 112233]"
time="2026-08-15T22:38:42+08:00" level=info msg="[GNB][NGAP][AMF] Send Initial Context Setup Response."
time="2026-08-15T22:38:42+08:00" level=info msg="[GNB] Initiating Initial Context Setup Response"
time="2026-08-15T22:38:42+08:00" level=info msg="[GNB][NGAP] No PDU Session to set up in InitialContextSetupResponse."
time="2026-08-15T22:38:42+08:00" level=info msg="[UE][NAS] Message with security header"
time="2026-08-15T22:38:42+08:00" level=info msg="[UE][NAS] Message with integrity and ciphered"
time="2026-08-15T22:38:42+08:00" level=info msg="[UE][NAS] successful NAS CIPHERING"
time="2026-08-15T22:38:42+08:00" level=info msg="[UE][NAS] successful NAS MAC verification"
time="2026-08-15T22:38:42+08:00" level=info msg="[UE][NAS] Receive Registration Accept"
time="2026-08-15T22:38:42+08:00" level=info msg="[UE][NAS] UE 5G GUTI: &{119 11 [242 2 248 57 202 254 0 0 0 0 1]}"
time="2026-08-15T22:38:42+08:00" level=info msg="[UE] Switched from state 2 to state 3"
time="2026-08-15T22:38:42+08:00" level=info msg="[GNB][SCTP] Receive message in 0 stream\n"
time="2026-08-15T22:38:42+08:00" level=info msg="[GNB][NGAP] Receive Initial Context Setup Request"
time="2026-08-15T22:38:42+08:00" level=info msg="[GNB][UE] UE Context was created with successful"
time="2026-08-15T22:38:42+08:00" level=info msg="[GNB][UE] UE RAN ID 5"
time="2026-08-15T22:38:42+08:00" level=info msg="[GNB][UE] UE AMF ID 4"
time="2026-08-15T22:38:42+08:00" level=info msg="[GNB][UE] UE Mobility Restrict --Plmn-- Mcc: 208 Mnc: 93"
time="2026-08-15T22:38:42+08:00" level=info msg="[GNB][UE] UE Masked Imeisv: 1110000000ffff00"
time="2026-08-15T22:38:42+08:00" level=info msg="[GNB][UE] Allowed Nssai-- Sst: [01 01] Sd: [010203 112233]"
time="2026-08-15T22:38:42+08:00" level=info msg="[GNB][NGAP][AMF] Send Initial Context Setup Response."
time="2026-08-15T22:38:42+08:00" level=info msg="[GNB] Initiating Initial Context Setup Response"
time="2026-08-15T22:38:42+08:00" level=info msg="[GNB][NGAP] No PDU Session to set up in InitialContextSetupResponse."
time="2026-08-15T22:38:42+08:00" level=info msg="[UE][NAS] Message with security header"
time="2026-08-15T22:38:42+08:00" level=info msg="[UE][NAS] Message with integrity and ciphered"
time="2026-08-15T22:38:42+08:00" level=info msg="[UE][NAS] successful NAS CIPHERING"
time="2026-08-15T22:38:42+08:00" level=info msg="[UE][NAS] successful NAS MAC verification"
time="2026-08-15T22:38:42+08:00" level=info msg="[UE][NAS] Receive Registration Accept"
time="2026-08-15T22:38:42+08:00" level=info msg="[UE][NAS] UE 5G GUTI: &{119 11 [242 2 248 57 202 254 0 0 0 0 5]}"
time="2026-08-15T22:38:42+08:00" level=info msg="[UE] Switched from state 2 to state 3"
time="2026-08-15T22:38:42+08:00" level=info msg="[GNB][SCTP] Receive message in 0 stream\n"
time="2026-08-15T22:38:42+08:00" level=info msg="[GNB][NGAP] Receive Initial Context Setup Request"
time="2026-08-15T22:38:42+08:00" level=info msg="[GNB][UE] UE Context was created with successful"
time="2026-08-15T22:38:42+08:00" level=info msg="[GNB][UE] UE RAN ID 4"
time="2026-08-15T22:38:42+08:00" level=info msg="[GNB][UE] UE AMF ID 3"
time="2026-08-15T22:38:42+08:00" level=info msg="[GNB][UE] UE Mobility Restrict --Plmn-- Mcc: 208 Mnc: 93"
time="2026-08-15T22:38:42+08:00" level=info msg="[GNB][UE] UE Masked Imeisv: 1110000000ffff00"
time="2026-08-15T22:38:42+08:00" level=info msg="[GNB][UE] Allowed Nssai-- Sst: [01 01] Sd: [010203 112233]"
time="2026-08-15T22:38:42+08:00" level=info msg="[GNB][NGAP][AMF] Send Initial Context Setup Response."
time="2026-08-15T22:38:42+08:00" level=info msg="[GNB] Initiating Initial Context Setup Response"
time="2026-08-15T22:38:42+08:00" level=info msg="[GNB][NGAP] No PDU Session to set up in InitialContextSetupResponse."
time="2026-08-15T22:38:42+08:00" level=info msg="[UE][NAS] Message with security header"
time="2026-08-15T22:38:42+08:00" level=info msg="[UE][NAS] Message with integrity and ciphered"
time="2026-08-15T22:38:42+08:00" level=info msg="[UE][NAS] successful NAS CIPHERING"
time="2026-08-15T22:38:42+08:00" level=info msg="[UE][NAS] successful NAS MAC verification"
time="2026-08-15T22:38:42+08:00" level=info msg="[UE][NAS] Receive Registration Accept"
time="2026-08-15T22:38:42+08:00" level=info msg="[UE][NAS] UE 5G GUTI: &{119 11 [242 2 248 57 202 254 0 0 0 0 4]}"
time="2026-08-15T22:38:42+08:00" level=info msg="[UE] Switched from state 2 to state 3"
time="2026-08-15T22:38:43+08:00" level=info msg="[GNB][SCTP] Receive message in 0 stream\n"
time="2026-08-15T22:38:43+08:00" level=info msg="[GNB][NGAP] Receive Downlink NAS Transport"
time="2026-08-15T22:38:43+08:00" level=info msg="[UE][NAS] Message with security header"
time="2026-08-15T22:38:43+08:00" level=info msg="[UE][NAS] Message with integrity and with NEW 5G NAS SECURITY CONTEXT"
time="2026-08-15T22:38:43+08:00" level=info msg="[UE][NAS] successful NAS MAC verification"
time="2026-08-15T22:38:43+08:00" level=info msg="[UE][NAS] Receive Security Mode Command"
time="2026-08-15T22:38:43+08:00" level=info msg="[UE][NAS] Type of ciphering algorithm is 5G-EA0"
time="2026-08-15T22:38:43+08:00" level=info msg="[UE][NAS] Type of integrity protection algorithm is 128-5G-IA2"
time="2026-08-15T22:38:43+08:00" level=info msg="[GNB][SCTP] Receive message in 0 stream\n"
time="2026-08-15T22:38:43+08:00" level=info msg="[GNB][NGAP] Receive Initial Context Setup Request"
time="2026-08-15T22:38:43+08:00" level=info msg="[GNB][UE] UE Context was created with successful"
time="2026-08-15T22:38:43+08:00" level=info msg="[GNB][UE] UE RAN ID 10"
time="2026-08-15T22:38:43+08:00" level=info msg="[GNB][UE] UE AMF ID 9"
time="2026-08-15T22:38:43+08:00" level=info msg="[GNB][UE] UE Mobility Restrict --Plmn-- Mcc: 208 Mnc: 93"
time="2026-08-15T22:38:43+08:00" level=info msg="[GNB][UE] UE Masked Imeisv: 1110000000ffff00"
time="2026-08-15T22:38:43+08:00" level=info msg="[GNB][UE] Allowed Nssai-- Sst: [01 01] Sd: [010203 112233]"
time="2026-08-15T22:38:43+08:00" level=info msg="[GNB][NGAP][AMF] Send Initial Context Setup Response."
time="2026-08-15T22:38:43+08:00" level=info msg="[GNB] Initiating Initial Context Setup Response"
time="2026-08-15T22:38:43+08:00" level=info msg="[GNB][NGAP] No PDU Session to set up in InitialContextSetupResponse."
time="2026-08-15T22:38:43+08:00" level=info msg="[UE][NAS] Message with security header"
time="2026-08-15T22:38:43+08:00" level=info msg="[UE][NAS] Message with integrity and ciphered"
time="2026-08-15T22:38:43+08:00" level=info msg="[UE][NAS] successful NAS CIPHERING"
time="2026-08-15T22:38:43+08:00" level=info msg="[UE][NAS] successful NAS MAC verification"
time="2026-08-15T22:38:43+08:00" level=info msg="[UE][NAS] Receive Registration Accept"
time="2026-08-15T22:38:43+08:00" level=info msg="[UE][NAS] UE 5G GUTI: &{119 11 [242 2 248 57 202 254 0 0 0 0 13]}"
time="2026-08-15T22:38:43+08:00" level=info msg="[UE] Switched from state 2 to state 3"
time="2026-08-15T22:38:43+08:00" level=info msg="[GNB][SCTP] Receive message in 0 stream\n"
time="2026-08-15T22:38:43+08:00" level=info msg="[GNB][NGAP] Receive Initial Context Setup Request"
time="2026-08-15T22:38:43+08:00" level=info msg="[GNB][UE] UE Context was created with successful"
time="2026-08-15T22:38:43+08:00" level=info msg="[GNB][UE] UE RAN ID 2"
time="2026-08-15T22:38:43+08:00" level=info msg="[GNB][UE] UE AMF ID 1"
time="2026-08-15T22:38:43+08:00" level=info msg="[GNB][UE] UE Mobility Restrict --Plmn-- Mcc: 208 Mnc: 93"
time="2026-08-15T22:38:43+08:00" level=info msg="[GNB][UE] UE Masked Imeisv: 1110000000ffff00"
time="2026-08-15T22:38:43+08:00" level=info msg="[GNB][UE] Allowed Nssai-- Sst: [01 01] Sd: [010203 112233]"
time="2026-08-15T22:38:43+08:00" level=info msg="[GNB][NGAP][AMF] Send Initial Context Setup Response."
time="2026-08-15T22:38:43+08:00" level=info msg="[GNB] Initiating Initial Context Setup Response"
time="2026-08-15T22:38:43+08:00" level=info msg="[GNB][NGAP] No PDU Session to set up in InitialContextSetupResponse."
time="2026-08-15T22:38:43+08:00" level=info msg="[UE][NAS] Message with security header"
time="2026-08-15T22:38:43+08:00" level=info msg="[UE][NAS] Message with integrity and ciphered"
time="2026-08-15T22:38:43+08:00" level=info msg="[UE][NAS] successful NAS CIPHERING"
time="2026-08-15T22:38:43+08:00" level=info msg="[UE][NAS] successful NAS MAC verification"
time="2026-08-15T22:38:43+08:00" level=info msg="[UE][NAS] Receive Registration Accept"
time="2026-08-15T22:38:43+08:00" level=info msg="[UE][NAS] UE 5G GUTI: &{119 11 [242 2 248 57 202 254 0 0 0 0 10]}"
time="2026-08-15T22:38:43+08:00" level=info msg="[UE] Switched from state 2 to state 3"
time="2026-08-15T22:38:43+08:00" level=info msg="[GNB][SCTP] Receive message in 0 stream\n"
time="2026-08-15T22:38:43+08:00" level=info msg="[GNB][NGAP] Receive Downlink NAS Transport"
time="2026-08-15T22:38:43+08:00" level=info msg="[UE][NAS] Message with security header"
time="2026-08-15T22:38:43+08:00" level=info msg="[UE][NAS] Message with integrity and with NEW 5G NAS SECURITY CONTEXT"
time="2026-08-15T22:38:43+08:00" level=info msg="[UE][NAS] successful NAS MAC verification"
time="2026-08-15T22:38:43+08:00" level=info msg="[UE][NAS] Receive Security Mode Command"
time="2026-08-15T22:38:43+08:00" level=info msg="[UE][NAS] Type of ciphering algorithm is 5G-EA0"
time="2026-08-15T22:38:43+08:00" level=info msg="[UE][NAS] Type of integrity protection algorithm is 128-5G-IA2"
time="2026-08-15T22:38:43+08:00" level=info msg="[GNB][SCTP] Receive message in 0 stream\n"
time="2026-08-15T22:38:43+08:00" level=info msg="[GNB][NGAP] Receive Downlink NAS Transport"
time="2026-08-15T22:38:43+08:00" level=info msg="[UE][NAS] Message with security header"
time="2026-08-15T22:38:43+08:00" level=info msg="[UE][NAS] Message with integrity and ciphered"
time="2026-08-15T22:38:43+08:00" level=info msg="[UE][NAS] successful NAS CIPHERING"
time="2026-08-15T22:38:43+08:00" level=info msg="[UE][NAS] successful NAS MAC verification"
time="2026-08-15T22:38:43+08:00" level=info msg="[UE][NAS] Receive Configuration Update Command"
time="2026-08-15T22:38:43+08:00" level=info msg="[UE] Initiating Configuration Update Complete"
time="2026-08-15T22:38:43+08:00" level=info msg="[GNB][SCTP] Receive message in 0 stream\n"
time="2026-08-15T22:38:43+08:00" level=info msg="[GNB][NGAP] Receive Initial Context Setup Request"
time="2026-08-15T22:38:43+08:00" level=info msg="[GNB][UE] UE Context was created with successful"
time="2026-08-15T22:38:43+08:00" level=info msg="[GNB][UE] UE RAN ID 6"
time="2026-08-15T22:38:43+08:00" level=info msg="[GNB][UE] UE AMF ID 5"
time="2026-08-15T22:38:43+08:00" level=info msg="[GNB][UE] UE Mobility Restrict --Plmn-- Mcc: 208 Mnc: 93"
time="2026-08-15T22:38:43+08:00" level=info msg="[GNB][UE] UE Masked Imeisv: 1110000000ffff00"
time="2026-08-15T22:38:43+08:00" level=info msg="[GNB][UE] Allowed Nssai-- Sst: [01 01] Sd: [010203 112233]"
time="2026-08-15T22:38:43+08:00" level=info msg="[GNB][NGAP][AMF] Send Initial Context Setup Response."
time="2026-08-15T22:38:43+08:00" level=info msg="[GNB] Initiating Initial Context Setup Response"
time="2026-08-15T22:38:43+08:00" level=info msg="[GNB][NGAP] No PDU Session to set up in InitialContextSetupResponse."
time="2026-08-15T22:38:43+08:00" level=info msg="[UE][NAS] Message with security header"
time="2026-08-15T22:38:43+08:00" level=info msg="[UE][NAS] Message with integrity and ciphered"
time="2026-08-15T22:38:43+08:00" level=info msg="[UE][NAS] successful NAS CIPHERING"
time="2026-08-15T22:38:43+08:00" level=info msg="[UE][NAS] successful NAS MAC verification"
time="2026-08-15T22:38:43+08:00" level=info msg="[UE][NAS] Receive Registration Accept"
time="2026-08-15T22:38:43+08:00" level=info msg="[UE][NAS] UE 5G GUTI: &{119 11 [242 2 248 57 202 254 0 0 0 0 7]}"
time="2026-08-15T22:38:43+08:00" level=info msg="[UE] Switched from state 2 to state 3"
time="2026-08-15T22:38:43+08:00" level=info msg="[GNB][SCTP] Receive message in 0 stream\n"
time="2026-08-15T22:38:43+08:00" level=info msg="[GNB][NGAP] Receive Downlink NAS Transport"
time="2026-08-15T22:38:43+08:00" level=info msg="[UE][NAS] Message with security header"
time="2026-08-15T22:38:43+08:00" level=info msg="[UE][NAS] Message with integrity and ciphered"
time="2026-08-15T22:38:43+08:00" level=info msg="[UE][NAS] successful NAS CIPHERING"
time="2026-08-15T22:38:43+08:00" level=info msg="[UE][NAS] successful NAS MAC verification"
time="2026-08-15T22:38:43+08:00" level=info msg="[UE][NAS] Receive Configuration Update Command"
time="2026-08-15T22:38:43+08:00" level=info msg="[UE] Initiating Configuration Update Complete"
time="2026-08-15T22:38:43+08:00" level=info msg="[GNB][SCTP] Receive message in 0 stream\n"
time="2026-08-15T22:38:43+08:00" level=info msg="[GNB][NGAP] Receive Downlink NAS Transport"
time="2026-08-15T22:38:43+08:00" level=info msg="[UE][NAS] Message with security header"
time="2026-08-15T22:38:43+08:00" level=info msg="[UE][NAS] Message with integrity and ciphered"
time="2026-08-15T22:38:43+08:00" level=info msg="[UE][NAS] successful NAS CIPHERING"
time="2026-08-15T22:38:43+08:00" level=info msg="[UE][NAS] successful NAS MAC verification"
time="2026-08-15T22:38:43+08:00" level=info msg="[UE][NAS] Receive Configuration Update Command"
time="2026-08-15T22:38:43+08:00" level=info msg="[UE] Initiating Configuration Update Complete"
time="2026-08-15T22:38:43+08:00" level=info msg="[GNB][SCTP] Receive message in 0 stream\n"
time="2026-08-15T22:38:43+08:00" level=info msg="[GNB][NGAP] Receive Downlink NAS Transport"
time="2026-08-15T22:38:43+08:00" level=info msg="[UE][NAS] Message with security header"
time="2026-08-15T22:38:43+08:00" level=info msg="[UE][NAS] Message with integrity and ciphered"
time="2026-08-15T22:38:43+08:00" level=info msg="[UE][NAS] successful NAS CIPHERING"
time="2026-08-15T22:38:43+08:00" level=info msg="[UE][NAS] successful NAS MAC verification"
time="2026-08-15T22:38:43+08:00" level=info msg="[UE][NAS] Receive Configuration Update Command"
time="2026-08-15T22:38:43+08:00" level=info msg="[UE] Initiating Configuration Update Complete"
time="2026-08-15T22:38:43+08:00" level=info msg="[GNB][SCTP] Receive message in 0 stream\n"
time="2026-08-15T22:38:43+08:00" level=info msg="[GNB][NGAP] Receive Downlink NAS Transport"
time="2026-08-15T22:38:43+08:00" level=info msg="[UE][NAS] Message with security header"
time="2026-08-15T22:38:43+08:00" level=info msg="[UE][NAS] Message with integrity and ciphered"
time="2026-08-15T22:38:43+08:00" level=info msg="[UE][NAS] successful NAS CIPHERING"
time="2026-08-15T22:38:43+08:00" level=info msg="[UE][NAS] successful NAS MAC verification"
time="2026-08-15T22:38:43+08:00" level=info msg="[UE][NAS] Receive Configuration Update Command"
time="2026-08-15T22:38:43+08:00" level=info msg="[UE] Initiating Configuration Update Complete"
time="2026-08-15T22:38:44+08:00" level=info msg="[GNB][SCTP] Receive message in 0 stream\n"
time="2026-08-15T22:38:44+08:00" level=info msg="[GNB][NGAP] Receive Initial Context Setup Request"
time="2026-08-15T22:38:44+08:00" level=info msg="[GNB][UE] UE Context was created with successful"
time="2026-08-15T22:38:44+08:00" level=info msg="[GNB][UE] UE RAN ID 7"
time="2026-08-15T22:38:44+08:00" level=info msg="[GNB][UE] UE AMF ID 6"
time="2026-08-15T22:38:44+08:00" level=info msg="[GNB][UE] UE Mobility Restrict --Plmn-- Mcc: 208 Mnc: 93"
time="2026-08-15T22:38:44+08:00" level=info msg="[GNB][UE] UE Masked Imeisv: 1110000000ffff00"
time="2026-08-15T22:38:44+08:00" level=info msg="[GNB][UE] Allowed Nssai-- Sst: [01 01] Sd: [010203 112233]"
time="2026-08-15T22:38:44+08:00" level=info msg="[GNB][NGAP][AMF] Send Initial Context Setup Response."
time="2026-08-15T22:38:44+08:00" level=info msg="[GNB] Initiating Initial Context Setup Response"
time="2026-08-15T22:38:44+08:00" level=info msg="[GNB][NGAP] No PDU Session to set up in InitialContextSetupResponse."
time="2026-08-15T22:38:44+08:00" level=info msg="[UE][NAS] Message with security header"
time="2026-08-15T22:38:44+08:00" level=info msg="[UE][NAS] Message with integrity and ciphered"
time="2026-08-15T22:38:44+08:00" level=info msg="[UE][NAS] successful NAS CIPHERING"
time="2026-08-15T22:38:44+08:00" level=info msg="[UE][NAS] successful NAS MAC verification"
time="2026-08-15T22:38:44+08:00" level=info msg="[UE][NAS] Receive Registration Accept"
time="2026-08-15T22:38:44+08:00" level=info msg="[UE][NAS] UE 5G GUTI: &{119 11 [242 2 248 57 202 254 0 0 0 0 16]}"
time="2026-08-15T22:38:44+08:00" level=info msg="[UE] Switched from state 2 to state 3"
time="2026-08-15T22:38:44+08:00" level=info msg="[GNB][SCTP] Receive message in 0 stream\n"
time="2026-08-15T22:38:44+08:00" level=info msg="[GNB][NGAP] Receive Initial Context Setup Request"
time="2026-08-15T22:38:44+08:00" level=info msg="[GNB][UE] UE Context was created with successful"
time="2026-08-15T22:38:44+08:00" level=info msg="[GNB][UE] UE RAN ID 8"
time="2026-08-15T22:38:44+08:00" level=info msg="[GNB][UE] UE AMF ID 7"
time="2026-08-15T22:38:44+08:00" level=info msg="[GNB][SCTP] Receive message in 0 stream\n"
time="2026-08-15T22:38:44+08:00" level=info msg="[GNB][UE] UE Mobility Restrict --Plmn-- Mcc: 208 Mnc: 93"
time="2026-08-15T22:38:44+08:00" level=info msg="[GNB][UE] UE Masked Imeisv: 1110000000ffff00"
time="2026-08-15T22:38:44+08:00" level=info msg="[GNB][UE] Allowed Nssai-- Sst: [01 01] Sd: [010203 112233]"
time="2026-08-15T22:38:44+08:00" level=info msg="[GNB][NGAP][AMF] Send Initial Context Setup Response."
time="2026-08-15T22:38:44+08:00" level=info msg="[GNB] Initiating Initial Context Setup Response"
time="2026-08-15T22:38:44+08:00" level=info msg="[GNB][NGAP] No PDU Session to set up in InitialContextSetupResponse."
time="2026-08-15T22:38:44+08:00" level=info msg="[UE][NAS] Message with security header"
time="2026-08-15T22:38:44+08:00" level=info msg="[UE][NAS] Message with integrity and ciphered"
time="2026-08-15T22:38:44+08:00" level=info msg="[UE][NAS] successful NAS CIPHERING"
time="2026-08-15T22:38:44+08:00" level=info msg="[UE][NAS] successful NAS MAC verification"
time="2026-08-15T22:38:44+08:00" level=info msg="[UE][NAS] Receive Registration Accept"
time="2026-08-15T22:38:44+08:00" level=info msg="[UE][NAS] UE 5G GUTI: &{119 11 [242 2 248 57 202 254 0 0 0 0 14]}"
time="2026-08-15T22:38:44+08:00" level=info msg="[UE] Switched from state 2 to state 3"
time="2026-08-15T22:38:44+08:00" level=info msg="[GNB][NGAP] Receive Initial Context Setup Request"
time="2026-08-15T22:38:44+08:00" level=info msg="[GNB][UE] UE Context was created with successful"
time="2026-08-15T22:38:44+08:00" level=info msg="[GNB][UE] UE RAN ID 3"
time="2026-08-15T22:38:44+08:00" level=info msg="[GNB][UE] UE AMF ID 2"
time="2026-08-15T22:38:44+08:00" level=info msg="[GNB][UE] UE Mobility Restrict --Plmn-- Mcc: 208 Mnc: 93"
time="2026-08-15T22:38:44+08:00" level=info msg="[GNB][UE] UE Masked Imeisv: 1110000000ffff00"
time="2026-08-15T22:38:44+08:00" level=info msg="[GNB][UE] Allowed Nssai-- Sst: [01 01] Sd: [010203 112233]"
time="2026-08-15T22:38:44+08:00" level=info msg="[GNB][NGAP][AMF] Send Initial Context Setup Response."
time="2026-08-15T22:38:44+08:00" level=info msg="[GNB] Initiating Initial Context Setup Response"
time="2026-08-15T22:38:44+08:00" level=info msg="[GNB][NGAP] No PDU Session to set up in InitialContextSetupResponse."
time="2026-08-15T22:38:44+08:00" level=info msg="[UE][NAS] Message with security header"
time="2026-08-15T22:38:44+08:00" level=info msg="[UE][NAS] Message with integrity and ciphered"
time="2026-08-15T22:38:44+08:00" level=info msg="[UE][NAS] successful NAS CIPHERING"
time="2026-08-15T22:38:44+08:00" level=info msg="[UE][NAS] successful NAS MAC verification"
time="2026-08-15T22:38:44+08:00" level=info msg="[UE][NAS] Receive Registration Accept"
time="2026-08-15T22:38:44+08:00" level=info msg="[UE][NAS] UE 5G GUTI: &{119 11 [242 2 248 57 202 254 0 0 0 0 3]}"
time="2026-08-15T22:38:44+08:00" level=info msg="[UE] Switched from state 2 to state 3"
time="2026-08-15T22:38:44+08:00" level=info msg="[GNB][SCTP] Receive message in 0 stream\n"
time="2026-08-15T22:38:44+08:00" level=info msg="[GNB][NGAP] Receive Downlink NAS Transport"
time="2026-08-15T22:38:44+08:00" level=info msg="[UE][NAS] Message with security header"
time="2026-08-15T22:38:44+08:00" level=info msg="[UE][NAS] Message with integrity and ciphered"
time="2026-08-15T22:38:44+08:00" level=info msg="[UE][NAS] successful NAS CIPHERING"
time="2026-08-15T22:38:44+08:00" level=info msg="[UE][NAS] successful NAS MAC verification"
time="2026-08-15T22:38:44+08:00" level=info msg="[UE][NAS] Receive Configuration Update Command"
time="2026-08-15T22:38:44+08:00" level=info msg="[UE] Initiating Configuration Update Complete"
time="2026-08-15T22:38:44+08:00" level=info msg="[GNB][SCTP] Receive message in 0 stream\n"
time="2026-08-15T22:38:44+08:00" level=info msg="[GNB][NGAP] Receive Initial Context Setup Request"
time="2026-08-15T22:38:44+08:00" level=info msg="[GNB][UE] UE Context was created with successful"
time="2026-08-15T22:38:44+08:00" level=info msg="[GNB][UE] UE RAN ID 9"
time="2026-08-15T22:38:44+08:00" level=info msg="[GNB][UE] UE AMF ID 8"
time="2026-08-15T22:38:44+08:00" level=info msg="[GNB][UE] UE Mobility Restrict --Plmn-- Mcc: 208 Mnc: 93"
time="2026-08-15T22:38:44+08:00" level=info msg="[GNB][UE] UE Masked Imeisv: 1110000000ffff00"
time="2026-08-15T22:38:44+08:00" level=info msg="[GNB][UE] Allowed Nssai-- Sst: [01 01] Sd: [010203 112233]"
time="2026-08-15T22:38:44+08:00" level=info msg="[GNB][NGAP][AMF] Send Initial Context Setup Response."
time="2026-08-15T22:38:44+08:00" level=info msg="[GNB] Initiating Initial Context Setup Response"
time="2026-08-15T22:38:44+08:00" level=info msg="[GNB][NGAP] No PDU Session to set up in InitialContextSetupResponse."
time="2026-08-15T22:38:44+08:00" level=info msg="[UE][NAS] Message with security header"
time="2026-08-15T22:38:44+08:00" level=info msg="[UE][NAS] Message with integrity and ciphered"
time="2026-08-15T22:38:44+08:00" level=info msg="[UE][NAS] successful NAS CIPHERING"
time="2026-08-15T22:38:44+08:00" level=info msg="[UE][NAS] successful NAS MAC verification"
time="2026-08-15T22:38:44+08:00" level=info msg="[UE][NAS] Receive Registration Accept"
time="2026-08-15T22:38:44+08:00" level=info msg="[UE][NAS] UE 5G GUTI: &{119 11 [242 2 248 57 202 254 0 0 0 0 20]}"
time="2026-08-15T22:38:44+08:00" level=info msg="[UE] Switched from state 2 to state 3"
time="2026-08-15T22:38:44+08:00" level=info msg="[GNB][SCTP] Receive message in 0 stream\n"
time="2026-08-15T22:38:44+08:00" level=info msg="[GNB][NGAP] Receive Downlink NAS Transport"
time="2026-08-15T22:38:44+08:00" level=info msg="[UE][NAS] Message with security header"
time="2026-08-15T22:38:44+08:00" level=info msg="[UE][NAS] Message with integrity and ciphered"
time="2026-08-15T22:38:44+08:00" level=info msg="[UE][NAS] successful NAS CIPHERING"
time="2026-08-15T22:38:44+08:00" level=info msg="[UE][NAS] successful NAS MAC verification"
time="2026-08-15T22:38:44+08:00" level=info msg="[UE][NAS] Receive Configuration Update Command"
time="2026-08-15T22:38:44+08:00" level=info msg="[UE] Initiating Configuration Update Complete"
time="2026-08-15T22:38:44+08:00" level=info msg="[GNB][SCTP] Receive message in 0 stream\n"
time="2026-08-15T22:38:44+08:00" level=info msg="[GNB][NGAP] Receive Downlink NAS Transport"
time="2026-08-15T22:38:44+08:00" level=info msg="[UE][NAS] Message with security header"
time="2026-08-15T22:38:44+08:00" level=info msg="[UE][NAS] Message with integrity and ciphered"
time="2026-08-15T22:38:44+08:00" level=info msg="[UE][NAS] successful NAS CIPHERING"
time="2026-08-15T22:38:44+08:00" level=info msg="[UE][NAS] successful NAS MAC verification"
time="2026-08-15T22:38:44+08:00" level=info msg="[UE][NAS] Receive Configuration Update Command"
time="2026-08-15T22:38:44+08:00" level=info msg="[UE] Initiating Configuration Update Complete"
time="2026-08-15T22:38:44+08:00" level=info msg="[GNB][SCTP] Receive message in 0 stream\n"
time="2026-08-15T22:38:44+08:00" level=info msg="[GNB][NGAP] Receive Downlink NAS Transport"
time="2026-08-15T22:38:44+08:00" level=info msg="[UE][NAS] Message with security header"
time="2026-08-15T22:38:44+08:00" level=info msg="[UE][NAS] Message with integrity and ciphered"
time="2026-08-15T22:38:44+08:00" level=info msg="[UE][NAS] successful NAS CIPHERING"
time="2026-08-15T22:38:44+08:00" level=info msg="[UE][NAS] successful NAS MAC verification"
time="2026-08-15T22:38:44+08:00" level=info msg="[UE][NAS] Receive Configuration Update Command"
time="2026-08-15T22:38:44+08:00" level=info msg="[UE] Initiating Configuration Update Complete"
time="2026-08-15T22:38:44+08:00" level=info msg="[GNB][SCTP] Receive message in 0 stream\n"
time="2026-08-15T22:38:44+08:00" level=info msg="[GNB][NGAP] Receive Downlink NAS Transport"
time="2026-08-15T22:38:44+08:00" level=info msg="[UE][NAS] Message with security header"
time="2026-08-15T22:38:44+08:00" level=info msg="[UE][NAS] Message with integrity and ciphered"
time="2026-08-15T22:38:44+08:00" level=info msg="[UE][NAS] successful NAS CIPHERING"
time="2026-08-15T22:38:44+08:00" level=info msg="[UE][NAS] successful NAS MAC verification"
time="2026-08-15T22:38:44+08:00" level=info msg="[UE][NAS] Receive Configuration Update Command"
time="2026-08-15T22:38:44+08:00" level=info msg="[UE] Initiating Configuration Update Complete"
