===== SNAPSHOT 2026-08-16T12:43:45.806342959Z =====
===== SNAPSHOT 2026-08-16T12:43:49.183255625Z =====
2026-08-16T12:43:46.623043363Z + curl --insecure --connect-timeout 1 -s -o /dev/null -w '%{http_code}' http://nrf-nnrf:8000
2026-08-16T12:43:46.659152859Z + '[' 200 -ne 200 ]
2026-08-16T12:43:47.357026808Z 2026-08-16T12:43:47.356285498Z[36m [INFO][AMF][Main] [0mAMF version:  
2026-08-16T12:43:47.357079647Z 	free5GC version: v4.2.3
2026-08-16T12:43:47.357084767Z 	build time:      2026-06-30T05:42:57Z
2026-08-16T12:43:47.357088884Z 	commit hash:     2962b9fd
2026-08-16T12:43:47.357092000Z 	commit time:     2026-06-24T09:25:45Z
2026-08-16T12:43:47.357095046Z 	go version:      go1.26.2 linux/amd64
2026-08-16T12:43:47.357622535Z 2026-08-16T12:43:47.357411890Z[36m [INFO][AMF][CFG] [0mRead config from [./config/amfcfg.yaml]
2026-08-16T12:43:47.359988631Z 2026-08-16T12:43:47.359576239Z[36m [INFO][AMF][Main] [0mLog enable is set to [true]
2026-08-16T12:43:47.360003760Z 2026-08-16T12:43:47.359633656Z[36m [INFO][AMF][Main] [0mLog level is set to [info]
2026-08-16T12:43:47.360007487Z 2026-08-16T12:43:47.359644096Z[36m [INFO][AMF][Main] [0mReport Caller is set to [false]
2026-08-16T12:43:47.360010683Z 2026-08-16T12:43:47.359718455Z[36m [INFO][AMF][SBI] [0mBinding addr: [0.0.0.0:8080]
2026-08-16T12:43:47.360014049Z 2026-08-16T12:43:47.359915645Z[36m [INFO][AMF][Util] [0mamfconfig Info: Version[1.0.9]
2026-08-16T12:43:47.360017736Z 2026-08-16T12:43:47.359952765Z[36m [INFO][AMF][Init] [0mInitializing NGAP worker pool with 0 workers (buffer size: 1000)
2026-08-16T12:43:47.360026683Z 2026-08-16T12:43:47.359966160Z[36m [INFO][AMF][Ngap] [0mInitializing UE Scheduler with 6 workers
2026-08-16T12:43:47.361073927Z 2026-08-16T12:43:47.360053243Z[36m [INFO][AMF][Ngap] [0mGlobal UE Scheduler initialized with 6 workers, buffer size 1000
2026-08-16T12:43:47.361090257Z 2026-08-16T12:43:47.360073180Z[36m [INFO][AMF][Init] [0mServer started
2026-08-16T12:43:47.361094154Z 2026-08-16T12:43:47.360312218Z[36m [INFO][AMF][Ngap] [0mWorker 2 started
2026-08-16T12:43:47.361097310Z 2026-08-16T12:43:47.360362252Z[36m [INFO][AMF][Ngap] [0mWorker 0 started
2026-08-16T12:43:47.361100316Z 2026-08-16T12:43:47.360380166Z[36m [INFO][AMF][Ngap] [0mWorker 1 started
2026-08-16T12:43:47.361103332Z 2026-08-16T12:43:47.360391096Z[36m [INFO][AMF][Ngap] [0mWorker 4 started
2026-08-16T12:43:47.361106417Z 2026-08-16T12:43:47.360400534Z[36m [INFO][AMF][Ngap] [0mWorker 3 started
2026-08-16T12:43:47.361109393Z 2026-08-16T12:43:47.360409070Z[36m [INFO][AMF][Ngap] [0mWorker 5 started
2026-08-16T12:43:47.365164186Z 2026-08-16T12:43:47.364781178Z[36m [INFO][AMF][Ngap] [0mListen on 127.0.0.1/[::1%lo]/10.244.0.193/[fe80::707e:fbff:fe5f:1a2e%eth0]:38412
2026-08-16T12:43:47.390446122Z 2026-08-16T12:43:47.389996899Z[36m [INFO][AMF][Main] [0mOAuth2 setting receive from NRF: false
2026-08-16T12:43:47.390466080Z 2026-08-16T12:43:47.390081768Z[36m [INFO][AMF][SBI] [0mStart SBI server (listen on 0.0.0.0:8080)
2026-08-16T12:43:48.460089243Z 2026-08-16T12:43:48.459414007Z[36m [INFO][AMF][Ngap] [0m[AMF] SCTP Accept from: 10.244.0.177:40415
2026-08-16T12:43:48.461521598Z 2026-08-16T12:43:48.460595873Z[36m [INFO][AMF][Ngap] [0mCreate a new NG connection for: 10.244.0.177:40415
2026-08-16T12:43:48.461561974Z 2026-08-16T12:43:48.460638643Z[36m [INFO][AMF][Ngap][ran_addr:10.244.0.177:40415] [0mHandle NGSetupRequest
2026-08-16T12:43:48.461567114Z 2026-08-16T12:43:48.460804514Z[36m [INFO][AMF][Ngap][ran_addr:10.244.0.177:40415] [0mSend NG-Setup response
===== SNAPSHOT 2026-08-16T12:43:52.454552581Z =====
2026-08-16T12:43:46.623043363Z + curl --insecure --connect-timeout 1 -s -o /dev/null -w '%{http_code}' http://nrf-nnrf:8000
2026-08-16T12:43:46.659152859Z + '[' 200 -ne 200 ]
2026-08-16T12:43:47.357026808Z 2026-08-16T12:43:47.356285498Z[36m [INFO][AMF][Main] [0mAMF version:  
2026-08-16T12:43:47.357079647Z 	free5GC version: v4.2.3
2026-08-16T12:43:47.357084767Z 	build time:      2026-06-30T05:42:57Z
2026-08-16T12:43:47.357088884Z 	commit hash:     2962b9fd
2026-08-16T12:43:47.357092000Z 	commit time:     2026-06-24T09:25:45Z
2026-08-16T12:43:47.357095046Z 	go version:      go1.26.2 linux/amd64
2026-08-16T12:43:47.357622535Z 2026-08-16T12:43:47.357411890Z[36m [INFO][AMF][CFG] [0mRead config from [./config/amfcfg.yaml]
2026-08-16T12:43:47.359988631Z 2026-08-16T12:43:47.359576239Z[36m [INFO][AMF][Main] [0mLog enable is set to [true]
2026-08-16T12:43:47.360003760Z 2026-08-16T12:43:47.359633656Z[36m [INFO][AMF][Main] [0mLog level is set to [info]
2026-08-16T12:43:47.360007487Z 2026-08-16T12:43:47.359644096Z[36m [INFO][AMF][Main] [0mReport Caller is set to [false]
2026-08-16T12:43:47.360010683Z 2026-08-16T12:43:47.359718455Z[36m [INFO][AMF][SBI] [0mBinding addr: [0.0.0.0:8080]
2026-08-16T12:43:47.360014049Z 2026-08-16T12:43:47.359915645Z[36m [INFO][AMF][Util] [0mamfconfig Info: Version[1.0.9]
2026-08-16T12:43:47.360017736Z 2026-08-16T12:43:47.359952765Z[36m [INFO][AMF][Init] [0mInitializing NGAP worker pool with 0 workers (buffer size: 1000)
2026-08-16T12:43:47.360026683Z 2026-08-16T12:43:47.359966160Z[36m [INFO][AMF][Ngap] [0mInitializing UE Scheduler with 6 workers
2026-08-16T12:43:47.361073927Z 2026-08-16T12:43:47.360053243Z[36m [INFO][AMF][Ngap] [0mGlobal UE Scheduler initialized with 6 workers, buffer size 1000
2026-08-16T12:43:47.361090257Z 2026-08-16T12:43:47.360073180Z[36m [INFO][AMF][Init] [0mServer started
2026-08-16T12:43:47.361094154Z 2026-08-16T12:43:47.360312218Z[36m [INFO][AMF][Ngap] [0mWorker 2 started
2026-08-16T12:43:47.361097310Z 2026-08-16T12:43:47.360362252Z[36m [INFO][AMF][Ngap] [0mWorker 0 started
2026-08-16T12:43:47.361100316Z 2026-08-16T12:43:47.360380166Z[36m [INFO][AMF][Ngap] [0mWorker 1 started
2026-08-16T12:43:47.361103332Z 2026-08-16T12:43:47.360391096Z[36m [INFO][AMF][Ngap] [0mWorker 4 started
2026-08-16T12:43:47.361106417Z 2026-08-16T12:43:47.360400534Z[36m [INFO][AMF][Ngap] [0mWorker 3 started
2026-08-16T12:43:47.361109393Z 2026-08-16T12:43:47.360409070Z[36m [INFO][AMF][Ngap] [0mWorker 5 started
2026-08-16T12:43:47.365164186Z 2026-08-16T12:43:47.364781178Z[36m [INFO][AMF][Ngap] [0mListen on 127.0.0.1/[::1%lo]/10.244.0.193/[fe80::707e:fbff:fe5f:1a2e%eth0]:38412
2026-08-16T12:43:47.390446122Z 2026-08-16T12:43:47.389996899Z[36m [INFO][AMF][Main] [0mOAuth2 setting receive from NRF: false
2026-08-16T12:43:47.390466080Z 2026-08-16T12:43:47.390081768Z[36m [INFO][AMF][SBI] [0mStart SBI server (listen on 0.0.0.0:8080)
2026-08-16T12:43:48.460089243Z 2026-08-16T12:43:48.459414007Z[36m [INFO][AMF][Ngap] [0m[AMF] SCTP Accept from: 10.244.0.177:40415
2026-08-16T12:43:48.461521598Z 2026-08-16T12:43:48.460595873Z[36m [INFO][AMF][Ngap] [0mCreate a new NG connection for: 10.244.0.177:40415
2026-08-16T12:43:48.461561974Z 2026-08-16T12:43:48.460638643Z[36m [INFO][AMF][Ngap][ran_addr:10.244.0.177:40415] [0mHandle NGSetupRequest
2026-08-16T12:43:48.461567114Z 2026-08-16T12:43:48.460804514Z[36m [INFO][AMF][Ngap][ran_addr:10.244.0.177:40415] [0mSend NG-Setup response
===== SNAPSHOT 2026-08-16T12:43:55.733630961Z =====
2026-08-16T12:43:46.623043363Z + curl --insecure --connect-timeout 1 -s -o /dev/null -w '%{http_code}' http://nrf-nnrf:8000
2026-08-16T12:43:46.659152859Z + '[' 200 -ne 200 ]
2026-08-16T12:43:47.357026808Z 2026-08-16T12:43:47.356285498Z[36m [INFO][AMF][Main] [0mAMF version:  
2026-08-16T12:43:47.357079647Z 	free5GC version: v4.2.3
2026-08-16T12:43:47.357084767Z 	build time:      2026-06-30T05:42:57Z
2026-08-16T12:43:47.357088884Z 	commit hash:     2962b9fd
2026-08-16T12:43:47.357092000Z 	commit time:     2026-06-24T09:25:45Z
2026-08-16T12:43:47.357095046Z 	go version:      go1.26.2 linux/amd64
2026-08-16T12:43:47.357622535Z 2026-08-16T12:43:47.357411890Z[36m [INFO][AMF][CFG] [0mRead config from [./config/amfcfg.yaml]
2026-08-16T12:43:47.359988631Z 2026-08-16T12:43:47.359576239Z[36m [INFO][AMF][Main] [0mLog enable is set to [true]
2026-08-16T12:43:47.360003760Z 2026-08-16T12:43:47.359633656Z[36m [INFO][AMF][Main] [0mLog level is set to [info]
2026-08-16T12:43:47.360007487Z 2026-08-16T12:43:47.359644096Z[36m [INFO][AMF][Main] [0mReport Caller is set to [false]
2026-08-16T12:43:47.360010683Z 2026-08-16T12:43:47.359718455Z[36m [INFO][AMF][SBI] [0mBinding addr: [0.0.0.0:8080]
2026-08-16T12:43:47.360014049Z 2026-08-16T12:43:47.359915645Z[36m [INFO][AMF][Util] [0mamfconfig Info: Version[1.0.9]
2026-08-16T12:43:47.360017736Z 2026-08-16T12:43:47.359952765Z[36m [INFO][AMF][Init] [0mInitializing NGAP worker pool with 0 workers (buffer size: 1000)
2026-08-16T12:43:47.360026683Z 2026-08-16T12:43:47.359966160Z[36m [INFO][AMF][Ngap] [0mInitializing UE Scheduler with 6 workers
2026-08-16T12:43:47.361073927Z 2026-08-16T12:43:47.360053243Z[36m [INFO][AMF][Ngap] [0mGlobal UE Scheduler initialized with 6 workers, buffer size 1000
2026-08-16T12:43:47.361090257Z 2026-08-16T12:43:47.360073180Z[36m [INFO][AMF][Init] [0mServer started
2026-08-16T12:43:47.361094154Z 2026-08-16T12:43:47.360312218Z[36m [INFO][AMF][Ngap] [0mWorker 2 started
2026-08-16T12:43:47.361097310Z 2026-08-16T12:43:47.360362252Z[36m [INFO][AMF][Ngap] [0mWorker 0 started
2026-08-16T12:43:47.361100316Z 2026-08-16T12:43:47.360380166Z[36m [INFO][AMF][Ngap] [0mWorker 1 started
2026-08-16T12:43:47.361103332Z 2026-08-16T12:43:47.360391096Z[36m [INFO][AMF][Ngap] [0mWorker 4 started
2026-08-16T12:43:47.361106417Z 2026-08-16T12:43:47.360400534Z[36m [INFO][AMF][Ngap] [0mWorker 3 started
2026-08-16T12:43:47.361109393Z 2026-08-16T12:43:47.360409070Z[36m [INFO][AMF][Ngap] [0mWorker 5 started
2026-08-16T12:43:47.365164186Z 2026-08-16T12:43:47.364781178Z[36m [INFO][AMF][Ngap] [0mListen on 127.0.0.1/[::1%lo]/10.244.0.193/[fe80::707e:fbff:fe5f:1a2e%eth0]:38412
2026-08-16T12:43:47.390446122Z 2026-08-16T12:43:47.389996899Z[36m [INFO][AMF][Main] [0mOAuth2 setting receive from NRF: false
2026-08-16T12:43:47.390466080Z 2026-08-16T12:43:47.390081768Z[36m [INFO][AMF][SBI] [0mStart SBI server (listen on 0.0.0.0:8080)
2026-08-16T12:43:48.460089243Z 2026-08-16T12:43:48.459414007Z[36m [INFO][AMF][Ngap] [0m[AMF] SCTP Accept from: 10.244.0.177:40415
2026-08-16T12:43:48.461521598Z 2026-08-16T12:43:48.460595873Z[36m [INFO][AMF][Ngap] [0mCreate a new NG connection for: 10.244.0.177:40415
2026-08-16T12:43:48.461561974Z 2026-08-16T12:43:48.460638643Z[36m [INFO][AMF][Ngap][ran_addr:10.244.0.177:40415] [0mHandle NGSetupRequest
2026-08-16T12:43:48.461567114Z 2026-08-16T12:43:48.460804514Z[36m [INFO][AMF][Ngap][ran_addr:10.244.0.177:40415] [0mSend NG-Setup response
===== SNAPSHOT 2026-08-16T12:43:58.974674268Z =====
===== SNAPSHOT 2026-08-16T12:44:02.364197038Z =====
===== SNAPSHOT 2026-08-16T12:44:05.728798980Z =====
===== SNAPSHOT 2026-08-16T12:44:09.045889122Z =====
===== SNAPSHOT 2026-08-16T12:44:12.300509218Z =====
===== SNAPSHOT 2026-08-16T12:44:15.556541863Z =====
===== SNAPSHOT 2026-08-16T12:44:18.835299612Z =====
===== SNAPSHOT 2026-08-16T12:44:22.118509103Z =====
===== SNAPSHOT 2026-08-16T12:44:25.423644485Z =====
===== SNAPSHOT 2026-08-16T12:44:28.737234090Z =====
===== SNAPSHOT 2026-08-16T12:44:32.051366574Z =====
===== SNAPSHOT 2026-08-16T12:44:35.428765563Z =====
===== SNAPSHOT 2026-08-16T12:44:38.707668665Z =====
===== SNAPSHOT 2026-08-16T12:44:41.974046981Z =====
===== SNAPSHOT 2026-08-16T12:44:45.467014859Z =====
===== SNAPSHOT 2026-08-16T12:44:49.041326114Z =====
===== SNAPSHOT 2026-08-16T12:44:52.302194886Z =====
===== SNAPSHOT 2026-08-16T12:44:55.692996153Z =====
===== SNAPSHOT 2026-08-16T12:44:59.016997150Z =====
===== SNAPSHOT 2026-08-16T12:45:02.329935882Z =====
===== SNAPSHOT 2026-08-16T12:45:05.682877724Z =====
===== SNAPSHOT 2026-08-16T12:45:09.015950925Z =====
===== SNAPSHOT 2026-08-16T12:45:12.313052500Z =====
===== SNAPSHOT 2026-08-16T12:45:15.559010597Z =====
===== SNAPSHOT 2026-08-16T12:45:18.995412131Z =====
===== SNAPSHOT 2026-08-16T12:45:22.318163044Z =====
===== SNAPSHOT 2026-08-16T12:45:25.570148969Z =====
===== SNAPSHOT 2026-08-16T12:45:29.035189989Z =====
===== SNAPSHOT 2026-08-16T12:45:32.413664889Z =====
===== SNAPSHOT 2026-08-16T12:45:35.662409880Z =====
===== SNAPSHOT 2026-08-16T12:45:39.182378369Z =====
===== SNAPSHOT 2026-08-16T12:45:42.472087992Z =====
===== SNAPSHOT 2026-08-16T12:45:45.771989744Z =====
===== SNAPSHOT 2026-08-16T12:45:49.054761353Z =====
===== SNAPSHOT 2026-08-16T12:45:52.585567529Z =====
===== SNAPSHOT 2026-08-16T12:45:55.865847458Z =====
===== SNAPSHOT 2026-08-16T12:45:59.180652358Z =====
===== SNAPSHOT 2026-08-16T12:46:02.562699788Z =====
===== SNAPSHOT 2026-08-16T12:46:05.882736157Z =====
===== SNAPSHOT 2026-08-16T12:46:09.206320640Z =====
===== SNAPSHOT 2026-08-16T12:46:12.629319042Z =====
===== SNAPSHOT 2026-08-16T12:46:15.917520587Z =====
===== SNAPSHOT 2026-08-16T12:46:19.254145925Z =====
===== SNAPSHOT 2026-08-16T12:46:22.587318337Z =====
===== SNAPSHOT 2026-08-16T12:46:25.989291223Z =====
===== SNAPSHOT 2026-08-16T12:46:29.291305839Z =====
===== SNAPSHOT 2026-08-16T12:46:32.566769076Z =====
===== SNAPSHOT 2026-08-16T12:46:36.150738533Z =====
===== SNAPSHOT 2026-08-16T12:46:39.525216610Z =====
===== SNAPSHOT 2026-08-16T12:46:42.790639401Z =====
===== SNAPSHOT 2026-08-16T12:46:46.217741918Z =====
===== SNAPSHOT 2026-08-16T12:46:49.492321569Z =====
===== SNAPSHOT 2026-08-16T12:46:52.758293982Z =====
===== SNAPSHOT 2026-08-16T12:46:56.163148674Z =====
===== SNAPSHOT 2026-08-16T12:46:59.524582299Z =====
===== SNAPSHOT 2026-08-16T12:47:02.817230228Z =====
===== SNAPSHOT 2026-08-16T12:47:06.155861099Z =====
===== SNAPSHOT 2026-08-16T12:47:09.516046202Z =====
===== SNAPSHOT 2026-08-16T12:47:12.888799761Z =====
===== SNAPSHOT 2026-08-16T12:47:16.257569470Z =====
===== SNAPSHOT 2026-08-16T12:47:19.736656853Z =====
===== SNAPSHOT 2026-08-16T12:47:23.190640212Z =====
2026-08-16T12:47:22.211414753Z 2026-08-16T12:47:22.211075497Z[36m [INFO][AMF][Main] [0mTerminating AMF...
2026-08-16T12:47:22.213511765Z 2026-08-16T12:47:22.212442991Z[36m [INFO][AMF][SBI] [0mStop SBI server (listen on 0.0.0.0:8080)
2026-08-16T12:47:22.213522485Z 2026-08-16T12:47:22.212652244Z[33m [WARN][AMF][SBI] [0mSBI server (listen on 0.0.0.0:8080) stopped
2026-08-16T12:47:22.214577383Z 2026-08-16T12:47:22.214497783Z[36m [INFO][AMF][Main] [0mSend AMF Status Indication to Notify RANs due to AMF terminating
2026-08-16T12:47:22.214716413Z 2026-08-16T12:47:22.214656331Z[36m [INFO][AMF][Ngap][ran_addr:10.244.0.177:40415] [0mSend AMF Status Indication
2026-08-16T12:47:22.219294288Z 2026-08-16T12:47:22.219088121Z[36m [INFO][AMF][Main] [0mShutting down NGAP worker pool and scheduler...
2026-08-16T12:47:22.219456482Z 2026-08-16T12:47:22.219348149Z[36m [INFO][AMF][Ngap] [0mShutting down UE Scheduler and all workers...
2026-08-16T12:47:22.219465779Z 2026-08-16T12:47:22.219369779Z[36m [INFO][AMF][Ngap] [0mClosing task channel for Worker 0
2026-08-16T12:47:22.220350568Z 2026-08-16T12:47:22.220210536Z[36m [INFO][AMF][Ngap] [0mClosing task channel for Worker 1
2026-08-16T12:47:22.220684545Z 2026-08-16T12:47:22.220319480Z[36m [INFO][AMF][Ngap] [0mClosing task channel for Worker 2
2026-08-16T12:47:22.221459598Z 2026-08-16T12:47:22.220898776Z[36m [INFO][AMF][Ngap] [0mClosing task channel for Worker 3
2026-08-16T12:47:22.222115388Z 2026-08-16T12:47:22.221502649Z[36m [INFO][AMF][Ngap] [0mClosing task channel for Worker 4
2026-08-16T12:47:22.222135425Z 2026-08-16T12:47:22.221518579Z[36m [INFO][AMF][Ngap] [0mClosing task channel for Worker 5
2026-08-16T12:47:22.222141056Z 2026-08-16T12:47:22.221533767Z[36m [INFO][AMF][Ngap] [0mWorker 5: shutdown signal received, draining queue...
2026-08-16T12:47:22.222145214Z 2026-08-16T12:47:22.221545539Z[36m [INFO][AMF][Ngap] [0mWorker 5: queue drained, stopped.
2026-08-16T12:47:22.222148951Z 2026-08-16T12:47:22.220849384Z[36m [INFO][AMF][Ngap] [0mWorker 0: shutdown signal received, draining queue...
2026-08-16T12:47:22.222153098Z 2026-08-16T12:47:22.221560217Z[36m [INFO][AMF][Ngap] [0mWorker 0: queue drained, stopped.
2026-08-16T12:47:22.222156815Z 2026-08-16T12:47:22.220860264Z[36m [INFO][AMF][Ngap] [0mWorker 1: shutdown signal received, draining queue...
2026-08-16T12:47:22.222160582Z 2026-08-16T12:47:22.221569905Z[36m [INFO][AMF][Ngap] [0mWorker 1: queue drained, stopped.
2026-08-16T12:47:22.222164309Z 2026-08-16T12:47:22.221577299Z[36m [INFO][AMF][Ngap] [0mWorker 2: shutdown signal received, draining queue...
2026-08-16T12:47:22.222168227Z 2026-08-16T12:47:22.221612805Z[36m [INFO][AMF][Ngap] [0mWorker 2: queue drained, stopped.
2026-08-16T12:47:22.222172274Z 2026-08-16T12:47:22.221628414Z[36m [INFO][AMF][Ngap] [0mWorker 3: shutdown signal received, draining queue...
2026-08-16T12:47:22.222176152Z 2026-08-16T12:47:22.221635939Z[36m [INFO][AMF][Ngap] [0mWorker 3: queue drained, stopped.
2026-08-16T12:47:22.222179959Z 2026-08-16T12:47:22.221643282Z[36m [INFO][AMF][Ngap] [0mWorker 4: shutdown signal received, draining queue...
2026-08-16T12:47:22.222183696Z 2026-08-16T12:47:22.221648662Z[36m [INFO][AMF][Ngap] [0mWorker 4: queue drained, stopped.
2026-08-16T12:47:22.222187593Z 2026-08-16T12:47:22.221655585Z[36m [INFO][AMF][Ngap] [0mAll workers shut down successfully
2026-08-16T12:47:22.222191851Z 2026-08-16T12:47:22.221664402Z[36m [INFO][AMF][Ngap] [0mClose SCTP server...
2026-08-16T12:47:22.222269487Z SCTP: Failed to shutdown fd operation not supported
2026-08-16T12:47:22.222277121Z SCTPConn: SCTPWrite failed bad file descriptor
2026-08-16T12:47:22.223294789Z 2026-08-16T12:47:22.221822458Z[36m [INFO][AMF][Ngap] [0mSCTP server closed
2026-08-16T12:47:22.224048933Z 2026-08-16T12:47:22.223470989Z[36m [INFO][AMF][Consumer] [0m[AMF] Send Deregister NFInstance
2026-08-16T12:47:22.224306196Z 2026-08-16T12:47:22.222965993Z[36m [INFO][AMF][Ngap] [0mHandle SCTP Connection Error[addr: <nil>] - remove RAN
2026-08-16T12:47:22.224463460Z 2026-08-16T12:47:22.224388259Z[36m [INFO][AMF][Ngap][ran_addr:10.244.0.177:40415] [0mRemove RAN Context[ID: <PlmnID: {Mcc:208 Mnc:93}, GNbID: 00000001>]
2026-08-16T12:47:22.743486753Z 2026-08-16T12:47:22.743235252Z[36m [INFO][AMF][Main] [0m[AMF] Deregister from NRF successfully
2026-08-16T12:47:22.743516479Z 2026-08-16T12:47:22.743314360Z[36m [INFO][AMF][Main] [0mAMF App is terminated
